<html>
<body>
<pre>
<h1>µVision Build Log</h1>
<h2>Tool Versions:</h2>
IDE-Version: µVision V5.35.0.0
Copyright (C) 2021 ARM Ltd and ARM Germany GmbH. All rights reserved.
License Information: Ryan Scott, SFSU, LIC=----
 
Tool Versions:
Toolchain:       MDK-Lite  Version: 5.35.0.2
Toolchain Path:  C:\Keil_v5\ARM\ARMCC\Bin
C Compiler:      Armcc.exe V5.06 update 7 (build 960)
Assembler:       Armasm.exe V5.06 update 7 (build 960)
Linker/Locator:  ArmLink.exe V5.06 update 7 (build 960)
Library Manager: ArmAr.exe V5.06 update 7 (build 960)
Hex Converter:   FromElf.exe V5.06 update 7 (build 960)
CPU DLL:         SARMCM3.DLL V5.35.0.2
Dialog DLL:      DCM.DLL V1.17.3.0
Target DLL:      lmidk-agdi.dll V???
Dialog DLL:      TCM.DLL V1.53.0.0
 
<h2>Project:</h2>
C:\ti\TivaWare_C_Series-2.1.4.178\examples\boards\my_projects\RC_CAR_TERM_PRJ\MAIN.uvproj
Project File Date:  01/10/2022

<h2>Output:</h2>
*** Using Compiler 'V5.06 update 7 (build 960)', folder: 'C:\Keil_v5\ARM\ARMCC\Bin'
Rebuild target 'Target 1'
assembling startup_rvmdk.S...
compiling MAIN.c...
MAIN.c(32): warning:  #550-D: variable "ui32_Loop"  was set but never used
  	uint32_t ui32_Loop;
MAIN.c(499): warning:  #940-D: missing return statement at end of non-void function "Sensor_Distance_Handler" 
  }
MAIN.c(647): warning:  #177-D: variable "d"  was declared but never referenced
  	char d;
MAIN.c(648): warning:  #550-D: variable "delay"  was set but never used
  	int delay;
MAIN.c: 4 warnings, 0 errors
linking...
Program Size: Code=5904 RO-data=1432 RW-data=0 ZI-data=352  
".\Objects\MAIN.axf" - 0 Error(s), 4 Warning(s).
Build Time Elapsed:  00:00:01
</pre>
</body>
</html>
