Component: ARM Compiler 5.06 update 7 (build 960) Tool: armlink [4d3601]

==============================================================================

Section Cross References

    startup_rvmdk.o(STACK) refers (Special) to heapauxi.o(.text) for __use_two_region_memory
    startup_rvmdk.o(HEAP) refers (Special) to heapauxi.o(.text) for __use_two_region_memory
    startup_rvmdk.o(RESET) refers (Special) to heapauxi.o(.text) for __use_two_region_memory
    startup_rvmdk.o(RESET) refers to startup_rvmdk.o(STACK) for StackMem
    startup_rvmdk.o(RESET) refers to main.o(.text) for UART1_Handler
    startup_rvmdk.o(RESET) refers to __main.o(!!!main) for __main
    startup_rvmdk.o(.text) refers (Special) to heapauxi.o(.text) for __use_two_region_memory
    startup_rvmdk.o(.text) refers to startup_rvmdk.o(HEAP) for HeapMem
    startup_rvmdk.o(.text) refers to startup_rvmdk.o(STACK) for StackMem
    main.o(.text) refers to _printf_percent.o(.ARM.Collect$$_printf_percent$$00000000) for _printf_percent
    main.o(.text) refers to _printf_d.o(.ARM.Collect$$_printf_percent$$00000009) for _printf_d
    main.o(.text) refers to _printf_dec.o(.text) for _printf_int_dec
    main.o(.text) refers to sysctl.o(i.SysCtlClockSet) for SysCtlClockSet
    main.o(.text) refers to sysctl.o(i.SysCtlPeripheralEnable) for SysCtlPeripheralEnable
    main.o(.text) refers to gpio.o(i.GPIOPinConfigure) for GPIOPinConfigure
    main.o(.text) refers to gpio.o(i.GPIOPinTypeUART) for GPIOPinTypeUART
    main.o(.text) refers to sysctl.o(i.SysCtlClockGet) for SysCtlClockGet
    main.o(.text) refers to uart.o(i.UARTConfigSetExpClk) for UARTConfigSetExpClk
    main.o(.text) refers to interrupt.o(i.IntDisable) for IntDisable
    main.o(.text) refers to interrupt.o(i.IntMasterEnable) for IntMasterEnable
    main.o(.text) refers to interrupt.o(i.IntEnable) for IntEnable
    main.o(.text) refers to uart.o(i.UARTIntEnable) for UARTIntEnable
    main.o(.text) refers to sysctl.o(i.SysCtlPWMClockSet) for SysCtlPWMClockSet
    main.o(.text) refers to gpio.o(i.GPIOPinTypePWM) for GPIOPinTypePWM
    main.o(.text) refers to pwm.o(i.PWMGenConfigure) for PWMGenConfigure
    main.o(.text) refers to pwm.o(i.PWMGenPeriodSet) for PWMGenPeriodSet
    main.o(.text) refers to pwm.o(i.PWMPulseWidthSet) for PWMPulseWidthSet
    main.o(.text) refers to pwm.o(i.PWMOutputState) for PWMOutputState
    main.o(.text) refers to pwm.o(i.PWMGenEnable) for PWMGenEnable
    main.o(.text) refers to timer.o(i.TimerDisable) for TimerDisable
    main.o(.text) refers to timer.o(i.TimerConfigure) for TimerConfigure
    main.o(.text) refers to timer.o(i.TimerLoadSet) for TimerLoadSet
    main.o(.text) refers to timer.o(i.TimerEnable) for TimerEnable
    main.o(.text) refers to sysctl.o(.emb_text) for SysCtlDelay
    main.o(.text) refers to gpio.o(i.GPIOPinTypeTimer) for GPIOPinTypeTimer
    main.o(.text) refers to timer.o(i.TimerControlEvent) for TimerControlEvent
    main.o(.text) refers to interrupt.o(i.IntPrioritySet) for IntPrioritySet
    main.o(.text) refers to timer.o(i.TimerIntEnable) for TimerIntEnable
    main.o(.text) refers to timer.o(i.TimerIntStatus) for TimerIntStatus
    main.o(.text) refers to timer.o(i.TimerIntClear) for TimerIntClear
    main.o(.text) refers to noretval__2sprintf.o(.text) for __2sprintf
    main.o(.text) refers to uart.o(i.UARTCharPut) for UARTCharPut
    main.o(.text) refers to uart.o(i.UARTIntStatus) for UARTIntStatus
    main.o(.text) refers to uart.o(i.UARTIntClear) for UARTIntClear
    main.o(.text) refers to uart.o(i.UARTCharGet) for UARTCharGet
    main.o(.text) refers to uart.o(i.UARTCharsAvail) for UARTCharsAvail
    gpio.o(i.GPIOIntRegister) refers to gpio.o(i._GPIOIntNumberGet) for _GPIOIntNumberGet
    gpio.o(i.GPIOIntRegister) refers to interrupt.o(i.IntRegister) for IntRegister
    gpio.o(i.GPIOIntRegister) refers to interrupt.o(i.IntEnable) for IntEnable
    gpio.o(i.GPIOIntRegisterPin) refers to gpio.o(i._GPIOIntNumberGet) for _GPIOIntNumberGet
    gpio.o(i.GPIOIntRegisterPin) refers to interrupt.o(i.IntRegister) for IntRegister
    gpio.o(i.GPIOIntRegisterPin) refers to interrupt.o(i.IntEnable) for IntEnable
    gpio.o(i.GPIOIntUnregister) refers to gpio.o(i._GPIOIntNumberGet) for _GPIOIntNumberGet
    gpio.o(i.GPIOIntUnregister) refers to interrupt.o(i.IntDisable) for IntDisable
    gpio.o(i.GPIOIntUnregister) refers to interrupt.o(i.IntUnregister) for IntUnregister
    gpio.o(i.GPIOIntUnregisterPin) refers to gpio.o(i._GPIOIntNumberGet) for _GPIOIntNumberGet
    gpio.o(i.GPIOIntUnregisterPin) refers to interrupt.o(i.IntDisable) for IntDisable
    gpio.o(i.GPIOIntUnregisterPin) refers to interrupt.o(i.IntUnregister) for IntUnregister
    gpio.o(i.GPIOPinConfigure) refers to gpio.o(.constdata) for .constdata
    gpio.o(i.GPIOPinTypeADC) refers to gpio.o(i.GPIODirModeSet) for GPIODirModeSet
    gpio.o(i.GPIOPinTypeADC) refers to gpio.o(i.GPIOPadConfigSet) for GPIOPadConfigSet
    gpio.o(i.GPIOPinTypeCAN) refers to gpio.o(i.GPIODirModeSet) for GPIODirModeSet
    gpio.o(i.GPIOPinTypeCAN) refers to gpio.o(i.GPIOPadConfigSet) for GPIOPadConfigSet
    gpio.o(i.GPIOPinTypeComparator) refers to gpio.o(i.GPIODirModeSet) for GPIODirModeSet
    gpio.o(i.GPIOPinTypeComparator) refers to gpio.o(i.GPIOPadConfigSet) for GPIOPadConfigSet
    gpio.o(i.GPIOPinTypeComparatorOutput) refers to gpio.o(i.GPIODirModeSet) for GPIODirModeSet
    gpio.o(i.GPIOPinTypeComparatorOutput) refers to gpio.o(i.GPIOPadConfigSet) for GPIOPadConfigSet
    gpio.o(i.GPIOPinTypeDIVSCLK) refers to gpio.o(i.GPIODirModeSet) for GPIODirModeSet
    gpio.o(i.GPIOPinTypeDIVSCLK) refers to gpio.o(i.GPIOPadConfigSet) for GPIOPadConfigSet
    gpio.o(i.GPIOPinTypeEPI) refers to gpio.o(i.GPIODirModeSet) for GPIODirModeSet
    gpio.o(i.GPIOPinTypeEPI) refers to gpio.o(i.GPIOPadConfigSet) for GPIOPadConfigSet
    gpio.o(i.GPIOPinTypeEthernetLED) refers to gpio.o(i.GPIODirModeSet) for GPIODirModeSet
    gpio.o(i.GPIOPinTypeEthernetLED) refers to gpio.o(i.GPIOPadConfigSet) for GPIOPadConfigSet
    gpio.o(i.GPIOPinTypeEthernetMII) refers to gpio.o(i.GPIODirModeSet) for GPIODirModeSet
    gpio.o(i.GPIOPinTypeEthernetMII) refers to gpio.o(i.GPIOPadConfigSet) for GPIOPadConfigSet
    gpio.o(i.GPIOPinTypeGPIOInput) refers to gpio.o(i.GPIODirModeSet) for GPIODirModeSet
    gpio.o(i.GPIOPinTypeGPIOInput) refers to gpio.o(i.GPIOPadConfigSet) for GPIOPadConfigSet
    gpio.o(i.GPIOPinTypeGPIOOutput) refers to gpio.o(i.GPIOPadConfigSet) for GPIOPadConfigSet
    gpio.o(i.GPIOPinTypeGPIOOutput) refers to gpio.o(i.GPIODirModeSet) for GPIODirModeSet
    gpio.o(i.GPIOPinTypeGPIOOutputOD) refers to gpio.o(i.GPIOPadConfigSet) for GPIOPadConfigSet
    gpio.o(i.GPIOPinTypeGPIOOutputOD) refers to gpio.o(i.GPIODirModeSet) for GPIODirModeSet
    gpio.o(i.GPIOPinTypeHibernateRTCCLK) refers to gpio.o(i.GPIODirModeSet) for GPIODirModeSet
    gpio.o(i.GPIOPinTypeHibernateRTCCLK) refers to gpio.o(i.GPIOPadConfigSet) for GPIOPadConfigSet
    gpio.o(i.GPIOPinTypeI2C) refers to gpio.o(i.GPIODirModeSet) for GPIODirModeSet
    gpio.o(i.GPIOPinTypeI2C) refers to gpio.o(i.GPIOPadConfigSet) for GPIOPadConfigSet
    gpio.o(i.GPIOPinTypeI2CSCL) refers to gpio.o(i.GPIODirModeSet) for GPIODirModeSet
    gpio.o(i.GPIOPinTypeI2CSCL) refers to gpio.o(i.GPIOPadConfigSet) for GPIOPadConfigSet
    gpio.o(i.GPIOPinTypeLCD) refers to gpio.o(i.GPIODirModeSet) for GPIODirModeSet
    gpio.o(i.GPIOPinTypeLCD) refers to gpio.o(i.GPIOPadConfigSet) for GPIOPadConfigSet
    gpio.o(i.GPIOPinTypeOneWire) refers to gpio.o(i.GPIODirModeSet) for GPIODirModeSet
    gpio.o(i.GPIOPinTypeOneWire) refers to gpio.o(i.GPIOPadConfigSet) for GPIOPadConfigSet
    gpio.o(i.GPIOPinTypePWM) refers to gpio.o(i.GPIODirModeSet) for GPIODirModeSet
    gpio.o(i.GPIOPinTypePWM) refers to gpio.o(i.GPIOPadConfigSet) for GPIOPadConfigSet
    gpio.o(i.GPIOPinTypeQEI) refers to gpio.o(i.GPIODirModeSet) for GPIODirModeSet
    gpio.o(i.GPIOPinTypeQEI) refers to gpio.o(i.GPIOPadConfigSet) for GPIOPadConfigSet
    gpio.o(i.GPIOPinTypeSSI) refers to gpio.o(i.GPIODirModeSet) for GPIODirModeSet
    gpio.o(i.GPIOPinTypeSSI) refers to gpio.o(i.GPIOPadConfigSet) for GPIOPadConfigSet
    gpio.o(i.GPIOPinTypeTimer) refers to gpio.o(i.GPIODirModeSet) for GPIODirModeSet
    gpio.o(i.GPIOPinTypeTimer) refers to gpio.o(i.GPIOPadConfigSet) for GPIOPadConfigSet
    gpio.o(i.GPIOPinTypeTrace) refers to gpio.o(i.GPIODirModeSet) for GPIODirModeSet
    gpio.o(i.GPIOPinTypeTrace) refers to gpio.o(i.GPIOPadConfigSet) for GPIOPadConfigSet
    gpio.o(i.GPIOPinTypeUART) refers to gpio.o(i.GPIODirModeSet) for GPIODirModeSet
    gpio.o(i.GPIOPinTypeUART) refers to gpio.o(i.GPIOPadConfigSet) for GPIOPadConfigSet
    gpio.o(i.GPIOPinTypeUSBAnalog) refers to gpio.o(i.GPIODirModeSet) for GPIODirModeSet
    gpio.o(i.GPIOPinTypeUSBAnalog) refers to gpio.o(i.GPIOPadConfigSet) for GPIOPadConfigSet
    gpio.o(i.GPIOPinTypeUSBDigital) refers to gpio.o(i.GPIODirModeSet) for GPIODirModeSet
    gpio.o(i.GPIOPinTypeUSBDigital) refers to gpio.o(i.GPIOPadConfigSet) for GPIOPadConfigSet
    gpio.o(i.GPIOPinTypeWakeHigh) refers to gpio.o(i.GPIODirModeSet) for GPIODirModeSet
    gpio.o(i.GPIOPinTypeWakeHigh) refers to gpio.o(i.GPIOPadConfigSet) for GPIOPadConfigSet
    gpio.o(i.GPIOPinTypeWakeLow) refers to gpio.o(i.GPIODirModeSet) for GPIODirModeSet
    gpio.o(i.GPIOPinTypeWakeLow) refers to gpio.o(i.GPIOPadConfigSet) for GPIOPadConfigSet
    gpio.o(i._GPIOIntNumberGet) refers to gpio.o(.constdata) for .constdata
    interrupt.o(i.IntDisable) refers to interrupt.o(.constdata) for .constdata
    interrupt.o(i.IntEnable) refers to interrupt.o(.constdata) for .constdata
    interrupt.o(i.IntIsEnabled) refers to interrupt.o(.constdata) for .constdata
    interrupt.o(i.IntMasterDisable) refers to cpu.o(.emb_text) for CPUcpsid
    interrupt.o(i.IntMasterEnable) refers to cpu.o(.emb_text) for CPUcpsie
    interrupt.o(i.IntPendClear) refers to interrupt.o(.constdata) for .constdata
    interrupt.o(i.IntPendSet) refers to interrupt.o(.constdata) for .constdata
    interrupt.o(i.IntPriorityGet) refers to interrupt.o(.constdata) for .constdata
    interrupt.o(i.IntPriorityGroupingGet) refers to interrupt.o(.constdata) for .constdata
    interrupt.o(i.IntPriorityGroupingSet) refers to interrupt.o(.constdata) for .constdata
    interrupt.o(i.IntPriorityMaskGet) refers to cpu.o(.emb_text) for CPUbasepriGet
    interrupt.o(i.IntPriorityMaskSet) refers to cpu.o(.emb_text) for CPUbasepriSet
    interrupt.o(i.IntPrioritySet) refers to interrupt.o(.constdata) for .constdata
    interrupt.o(i.IntRegister) refers to interrupt.o(vtable) for vtable
    interrupt.o(i.IntUnregister) refers to interrupt.o(i._IntDefaultHandler) for _IntDefaultHandler
    interrupt.o(i.IntUnregister) refers to interrupt.o(vtable) for vtable
    pwm.o(i.PWMFaultIntRegister) refers to interrupt.o(i.IntRegister) for IntRegister
    pwm.o(i.PWMFaultIntRegister) refers to interrupt.o(i.IntEnable) for IntEnable
    pwm.o(i.PWMFaultIntUnregister) refers to interrupt.o(i.IntDisable) for IntDisable
    pwm.o(i.PWMFaultIntUnregister) refers to interrupt.o(i.IntUnregister) for IntUnregister
    pwm.o(i.PWMGenIntRegister) refers to pwm.o(i._PWMGenIntNumberGet) for _PWMGenIntNumberGet
    pwm.o(i.PWMGenIntRegister) refers to interrupt.o(i.IntRegister) for IntRegister
    pwm.o(i.PWMGenIntRegister) refers to interrupt.o(i.IntEnable) for IntEnable
    pwm.o(i.PWMGenIntUnregister) refers to pwm.o(i._PWMGenIntNumberGet) for _PWMGenIntNumberGet
    pwm.o(i.PWMGenIntUnregister) refers to interrupt.o(i.IntDisable) for IntDisable
    pwm.o(i.PWMGenIntUnregister) refers to interrupt.o(i.IntUnregister) for IntUnregister
    sysctl.o(i.SysCtlClockFreqSet) refers to sysctl.o(.constdata) for .constdata
    sysctl.o(i.SysCtlClockGet) refers to sysctl.o(.constdata) for .constdata
    sysctl.o(i.SysCtlClockSet) refers to sysctl.o(.emb_text) for SysCtlDelay
    sysctl.o(i.SysCtlDeepSleep) refers to cpu.o(.emb_text) for CPUwfi
    sysctl.o(i.SysCtlIntRegister) refers to interrupt.o(i.IntRegister) for IntRegister
    sysctl.o(i.SysCtlIntRegister) refers to interrupt.o(i.IntEnable) for IntEnable
    sysctl.o(i.SysCtlIntUnregister) refers to interrupt.o(i.IntDisable) for IntDisable
    sysctl.o(i.SysCtlIntUnregister) refers to interrupt.o(i.IntUnregister) for IntUnregister
    sysctl.o(i.SysCtlSleep) refers to cpu.o(.emb_text) for CPUwfi
    sysctl.o(i.SysCtlVCOGet) refers to sysctl.o(.constdata) for .constdata
    timer.o(i.TimerIntRegister) refers to interrupt.o(i.IntRegister) for IntRegister
    timer.o(i.TimerIntRegister) refers to interrupt.o(i.IntEnable) for IntEnable
    timer.o(i.TimerIntRegister) refers to timer.o(.constdata) for .constdata
    timer.o(i.TimerIntUnregister) refers to interrupt.o(i.IntDisable) for IntDisable
    timer.o(i.TimerIntUnregister) refers to interrupt.o(i.IntUnregister) for IntUnregister
    timer.o(i.TimerIntUnregister) refers to timer.o(.constdata) for .constdata
    uart.o(i.UARTIntRegister) refers to interrupt.o(i.IntRegister) for IntRegister
    uart.o(i.UARTIntRegister) refers to interrupt.o(i.IntEnable) for IntEnable
    uart.o(i.UARTIntRegister) refers to uart.o(.constdata) for .constdata
    uart.o(i.UARTIntUnregister) refers to interrupt.o(i.IntDisable) for IntDisable
    uart.o(i.UARTIntUnregister) refers to interrupt.o(i.IntUnregister) for IntUnregister
    uart.o(i.UARTIntUnregister) refers to uart.o(.constdata) for .constdata
    __2sprintf.o(.text) refers to _printf_char_common.o(.text) for _printf_char_common
    __2sprintf.o(.text) refers to _sputc.o(.text) for _sputc
    noretval__2sprintf.o(.text) refers to _printf_char_common.o(.text) for _printf_char_common
    noretval__2sprintf.o(.text) refers to _sputc.o(.text) for _sputc
    __printf.o(.text) refers to _printf_percent.o(.ARM.Collect$$_printf_percent$$00000000) for _printf_percent
    _printf_dec.o(.text) refers to _printf_intcommon.o(.text) for _printf_int_common
    __printf_flags.o(.text) refers to _printf_percent.o(.ARM.Collect$$_printf_percent$$00000000) for _printf_percent
    __printf_flags.o(.text) refers to __printf_flags.o(.constdata) for .constdata
    __printf_ss.o(.text) refers to _printf_percent.o(.ARM.Collect$$_printf_percent$$00000000) for _printf_percent
    __printf_flags_ss.o(.text) refers to _printf_percent.o(.ARM.Collect$$_printf_percent$$00000000) for _printf_percent
    __printf_flags_ss.o(.text) refers to __printf_flags_ss.o(.constdata) for .constdata
    __printf_wp.o(.text) refers to __printf_wp.o(i._is_digit) for _is_digit
    __printf_wp.o(.text) refers to _printf_percent.o(.ARM.Collect$$_printf_percent$$00000000) for _printf_percent
    __printf_flags_wp.o(.text) refers to __printf_wp.o(i._is_digit) for _is_digit
    __printf_flags_wp.o(.text) refers to _printf_percent.o(.ARM.Collect$$_printf_percent$$00000000) for _printf_percent
    __printf_flags_wp.o(.text) refers to __printf_flags_wp.o(.constdata) for .constdata
    __printf_ss_wp.o(.text) refers to __printf_wp.o(i._is_digit) for _is_digit
    __printf_ss_wp.o(.text) refers to _printf_percent.o(.ARM.Collect$$_printf_percent$$00000000) for _printf_percent
    __printf_flags_ss_wp.o(.text) refers to __printf_wp.o(i._is_digit) for _is_digit
    __printf_flags_ss_wp.o(.text) refers to _printf_percent.o(.ARM.Collect$$_printf_percent$$00000000) for _printf_percent
    __printf_flags_ss_wp.o(.text) refers to __printf_flags_ss_wp.o(.constdata) for .constdata
    _printf_d.o(.ARM.Collect$$_printf_percent$$00000009) refers (Weak) to _printf_dec.o(.text) for _printf_int_dec
    _printf_percent.o(.ARM.Collect$$_printf_percent$$00000000) refers (Special) to _printf_percent_end.o(.ARM.Collect$$_printf_percent$$00000017) for _printf_percent_end
    __main.o(!!!main) refers to __rtentry.o(.ARM.Collect$$rtentry$$00000000) for __rt_entry
    __rtentry.o(.ARM.Collect$$rtentry$$00000000) refers (Special) to __rtentry2.o(.ARM.Collect$$rtentry$$0000000A) for __rt_entry_li
    __rtentry.o(.ARM.Collect$$rtentry$$00000000) refers (Special) to __rtentry2.o(.ARM.Collect$$rtentry$$0000000D) for __rt_entry_main
    __rtentry.o(.ARM.Collect$$rtentry$$00000000) refers (Special) to __rtentry2.o(.ARM.Collect$$rtentry$$0000000C) for __rt_entry_postli_1
    __rtentry.o(.ARM.Collect$$rtentry$$00000000) refers (Special) to __rtentry2.o(.ARM.Collect$$rtentry$$00000009) for __rt_entry_postsh_1
    __rtentry.o(.ARM.Collect$$rtentry$$00000000) refers (Special) to __rtentry2.o(.ARM.Collect$$rtentry$$00000002) for __rt_entry_presh_1
    __rtentry.o(.ARM.Collect$$rtentry$$00000000) refers (Special) to __rtentry4.o(.ARM.Collect$$rtentry$$00000004) for __rt_entry_sh
    _printf_char_common.o(.text) refers to __printf.o(.text) for __printf
    __rtentry2.o(.ARM.Collect$$rtentry$$00000008) refers to boardinit2.o(.text) for _platform_post_stackheap_init
    __rtentry2.o(.ARM.Collect$$rtentry$$0000000A) refers to libinit.o(.ARM.Collect$$libinit$$00000000) for __rt_lib_init
    __rtentry2.o(.ARM.Collect$$rtentry$$0000000B) refers to boardinit3.o(.text) for _platform_post_lib_init
    __rtentry2.o(.ARM.Collect$$rtentry$$0000000D) refers to main.o(.text) for main
    __rtentry2.o(.ARM.Collect$$rtentry$$0000000D) refers to exit.o(.text) for exit
    __rtentry2.o(.ARM.exidx) refers to __rtentry2.o(.ARM.Collect$$rtentry$$00000001) for .ARM.Collect$$rtentry$$00000001
    __rtentry2.o(.ARM.exidx) refers to __rtentry2.o(.ARM.Collect$$rtentry$$00000008) for .ARM.Collect$$rtentry$$00000008
    __rtentry2.o(.ARM.exidx) refers to __rtentry2.o(.ARM.Collect$$rtentry$$0000000A) for .ARM.Collect$$rtentry$$0000000A
    __rtentry2.o(.ARM.exidx) refers to __rtentry2.o(.ARM.Collect$$rtentry$$0000000B) for .ARM.Collect$$rtentry$$0000000B
    __rtentry2.o(.ARM.exidx) refers to __rtentry2.o(.ARM.Collect$$rtentry$$0000000D) for .ARM.Collect$$rtentry$$0000000D
    __rtentry4.o(.ARM.Collect$$rtentry$$00000004) refers to sys_stackheap_outer.o(.text) for __user_setup_stackheap
    __rtentry4.o(.ARM.exidx) refers to __rtentry4.o(.ARM.Collect$$rtentry$$00000004) for .ARM.Collect$$rtentry$$00000004
    sys_stackheap_outer.o(.text) refers to libspace.o(.text) for __user_perproc_libspace
    sys_stackheap_outer.o(.text) refers to startup_rvmdk.o(.text) for __user_initial_stackheap
    exit.o(.text) refers to rtexit.o(.ARM.Collect$$rtexit$$00000000) for __rt_exit
    libinit.o(.ARM.Collect$$libinit$$00000000) refers (Special) to libinit2.o(.ARM.Collect$$libinit$$0000002E) for __rt_lib_init_alloca_1
    libinit.o(.ARM.Collect$$libinit$$00000000) refers (Special) to libinit2.o(.ARM.Collect$$libinit$$0000002C) for __rt_lib_init_argv_1
    libinit.o(.ARM.Collect$$libinit$$00000000) refers (Special) to libinit2.o(.ARM.Collect$$libinit$$0000001B) for __rt_lib_init_atexit_1
    libinit.o(.ARM.Collect$$libinit$$00000000) refers (Special) to libinit2.o(.ARM.Collect$$libinit$$00000021) for __rt_lib_init_clock_1
    libinit.o(.ARM.Collect$$libinit$$00000000) refers (Special) to libinit2.o(.ARM.Collect$$libinit$$00000032) for __rt_lib_init_cpp_1
    libinit.o(.ARM.Collect$$libinit$$00000000) refers (Special) to libinit2.o(.ARM.Collect$$libinit$$00000030) for __rt_lib_init_exceptions_1
    libinit.o(.ARM.Collect$$libinit$$00000000) refers (Special) to libinit2.o(.ARM.Collect$$libinit$$00000001) for __rt_lib_init_fp_1
    libinit.o(.ARM.Collect$$libinit$$00000000) refers (Special) to libinit2.o(.ARM.Collect$$libinit$$0000001F) for __rt_lib_init_fp_trap_1
    libinit.o(.ARM.Collect$$libinit$$00000000) refers (Special) to libinit2.o(.ARM.Collect$$libinit$$00000023) for __rt_lib_init_getenv_1
    libinit.o(.ARM.Collect$$libinit$$00000000) refers (Special) to libinit2.o(.ARM.Collect$$libinit$$0000000A) for __rt_lib_init_heap_1
    libinit.o(.ARM.Collect$$libinit$$00000000) refers (Special) to libinit2.o(.ARM.Collect$$libinit$$00000011) for __rt_lib_init_lc_collate_1
    libinit.o(.ARM.Collect$$libinit$$00000000) refers (Special) to libinit2.o(.ARM.Collect$$libinit$$00000013) for __rt_lib_init_lc_ctype_1
    libinit.o(.ARM.Collect$$libinit$$00000000) refers (Special) to libinit2.o(.ARM.Collect$$libinit$$00000015) for __rt_lib_init_lc_monetary_1
    libinit.o(.ARM.Collect$$libinit$$00000000) refers (Special) to libinit2.o(.ARM.Collect$$libinit$$00000017) for __rt_lib_init_lc_numeric_1
    libinit.o(.ARM.Collect$$libinit$$00000000) refers (Special) to libinit2.o(.ARM.Collect$$libinit$$00000019) for __rt_lib_init_lc_time_1
    libinit.o(.ARM.Collect$$libinit$$00000000) refers (Special) to libinit2.o(.ARM.Collect$$libinit$$00000004) for __rt_lib_init_preinit_1
    libinit.o(.ARM.Collect$$libinit$$00000000) refers (Special) to libinit2.o(.ARM.Collect$$libinit$$0000000E) for __rt_lib_init_rand_1
    libinit.o(.ARM.Collect$$libinit$$00000000) refers (Special) to libinit2.o(.ARM.Collect$$libinit$$00000033) for __rt_lib_init_return
    libinit.o(.ARM.Collect$$libinit$$00000000) refers (Special) to libinit2.o(.ARM.Collect$$libinit$$0000001D) for __rt_lib_init_signal_1
    libinit.o(.ARM.Collect$$libinit$$00000000) refers (Special) to libinit2.o(.ARM.Collect$$libinit$$00000025) for __rt_lib_init_stdio_1
    libinit.o(.ARM.Collect$$libinit$$00000000) refers (Special) to libinit2.o(.ARM.Collect$$libinit$$0000000C) for __rt_lib_init_user_alloc_1
    libspace.o(.text) refers to libspace.o(.bss) for __libspace_start
    rtexit.o(.ARM.Collect$$rtexit$$00000000) refers (Special) to rtexit2.o(.ARM.Collect$$rtexit$$00000004) for __rt_exit_exit
    rtexit.o(.ARM.Collect$$rtexit$$00000000) refers (Special) to rtexit2.o(.ARM.Collect$$rtexit$$00000003) for __rt_exit_ls
    rtexit.o(.ARM.Collect$$rtexit$$00000000) refers (Special) to rtexit2.o(.ARM.Collect$$rtexit$$00000002) for __rt_exit_prels_1
    rtexit.o(.ARM.exidx) refers (Special) to rtexit2.o(.ARM.Collect$$rtexit$$00000004) for __rt_exit_exit
    rtexit.o(.ARM.exidx) refers (Special) to rtexit2.o(.ARM.Collect$$rtexit$$00000003) for __rt_exit_ls
    rtexit.o(.ARM.exidx) refers (Special) to rtexit2.o(.ARM.Collect$$rtexit$$00000002) for __rt_exit_prels_1
    rtexit.o(.ARM.exidx) refers to rtexit.o(.ARM.Collect$$rtexit$$00000000) for .ARM.Collect$$rtexit$$00000000
    libinit2.o(.ARM.Collect$$libinit$$00000001) refers to fpinit.o(x$fpl$fpinit) for _fp_init
    libinit2.o(.ARM.Collect$$libinit$$00000010) refers to libinit2.o(.ARM.Collect$$libinit$$0000000F) for .ARM.Collect$$libinit$$0000000F
    libinit2.o(.ARM.Collect$$libinit$$00000012) refers to libinit2.o(.ARM.Collect$$libinit$$0000000F) for .ARM.Collect$$libinit$$0000000F
    libinit2.o(.ARM.Collect$$libinit$$00000014) refers to libinit2.o(.ARM.Collect$$libinit$$0000000F) for .ARM.Collect$$libinit$$0000000F
    libinit2.o(.ARM.Collect$$libinit$$00000016) refers to libinit2.o(.ARM.Collect$$libinit$$0000000F) for .ARM.Collect$$libinit$$0000000F
    libinit2.o(.ARM.Collect$$libinit$$00000018) refers to libinit2.o(.ARM.Collect$$libinit$$0000000F) for .ARM.Collect$$libinit$$0000000F
    libinit2.o(.ARM.Collect$$libinit$$00000026) refers to argv_veneer.o(.emb_text) for __ARM_argv_veneer
    libinit2.o(.ARM.Collect$$libinit$$00000027) refers to argv_veneer.o(.emb_text) for __ARM_argv_veneer
    rtexit2.o(.ARM.Collect$$rtexit$$00000003) refers to libshutdown.o(.ARM.Collect$$libshutdown$$00000000) for __rt_lib_shutdown
    rtexit2.o(.ARM.Collect$$rtexit$$00000004) refers to sys_exit.o(.text) for _sys_exit
    rtexit2.o(.ARM.exidx) refers to rtexit2.o(.ARM.Collect$$rtexit$$00000001) for .ARM.Collect$$rtexit$$00000001
    rtexit2.o(.ARM.exidx) refers to rtexit2.o(.ARM.Collect$$rtexit$$00000003) for .ARM.Collect$$rtexit$$00000003
    rtexit2.o(.ARM.exidx) refers to rtexit2.o(.ARM.Collect$$rtexit$$00000004) for .ARM.Collect$$rtexit$$00000004
    argv_veneer.o(.emb_text) refers to no_argv.o(.text) for __ARM_get_argv
    sys_exit.o(.text) refers (Special) to use_no_semi.o(.text) for __I$use$semihosting
    sys_exit.o(.text) refers (Special) to indicate_semi.o(.text) for __semihosting_library_function
    _get_argv_nomalloc.o(.text) refers (Special) to hrguard.o(.text) for __heap_region$guard
    _get_argv_nomalloc.o(.text) refers to defsig_rtmem_outer.o(.text) for __rt_SIGRTMEM
    _get_argv_nomalloc.o(.text) refers to sys_command.o(.text) for _sys_command_string
    libshutdown.o(.ARM.Collect$$libshutdown$$00000000) refers (Special) to libshutdown2.o(.ARM.Collect$$libshutdown$$00000004) for __rt_lib_shutdown_cpp_1
    libshutdown.o(.ARM.Collect$$libshutdown$$00000000) refers (Special) to libshutdown2.o(.ARM.Collect$$libshutdown$$00000002) for __rt_lib_shutdown_fini_1
    libshutdown.o(.ARM.Collect$$libshutdown$$00000000) refers (Special) to libshutdown2.o(.ARM.Collect$$libshutdown$$00000009) for __rt_lib_shutdown_fp_trap_1
    libshutdown.o(.ARM.Collect$$libshutdown$$00000000) refers (Special) to libshutdown2.o(.ARM.Collect$$libshutdown$$00000011) for __rt_lib_shutdown_heap_1
    libshutdown.o(.ARM.Collect$$libshutdown$$00000000) refers (Special) to libshutdown2.o(.ARM.Collect$$libshutdown$$00000012) for __rt_lib_shutdown_return
    libshutdown.o(.ARM.Collect$$libshutdown$$00000000) refers (Special) to libshutdown2.o(.ARM.Collect$$libshutdown$$0000000C) for __rt_lib_shutdown_signal_1
    libshutdown.o(.ARM.Collect$$libshutdown$$00000000) refers (Special) to libshutdown2.o(.ARM.Collect$$libshutdown$$00000006) for __rt_lib_shutdown_stdio_1
    libshutdown.o(.ARM.Collect$$libshutdown$$00000000) refers (Special) to libshutdown2.o(.ARM.Collect$$libshutdown$$0000000E) for __rt_lib_shutdown_user_alloc_1
    sys_command.o(.text) refers (Special) to use_no_semi.o(.text) for __I$use$semihosting
    sys_command.o(.text) refers (Special) to indicate_semi.o(.text) for __semihosting_library_function
    defsig_rtmem_outer.o(.text) refers to defsig_rtmem_inner.o(.text) for __rt_SIGRTMEM_inner
    defsig_rtmem_outer.o(.text) refers to defsig_exit.o(.text) for __sig_exit
    defsig_rtmem_formal.o(.text) refers to rt_raise.o(.text) for __rt_raise
    rt_raise.o(.text) refers to __raise.o(.text) for __raise
    rt_raise.o(.text) refers to sys_exit.o(.text) for _sys_exit
    defsig_exit.o(.text) refers to sys_exit.o(.text) for _sys_exit
    defsig_rtmem_inner.o(.text) refers to defsig_general.o(.text) for __default_signal_display
    __raise.o(.text) refers to defsig.o(CL$$defsig) for __default_signal_handler
    defsig_general.o(.text) refers to sys_wrch.o(.text) for _ttywrch
    sys_wrch.o(.text) refers (Special) to use_no_semi.o(.text) for __I$use$semihosting
    sys_wrch.o(.text) refers (Special) to indicate_semi.o(.text) for __semihosting_library_function
    defsig.o(CL$$defsig) refers to defsig_rtmem_inner.o(.text) for __rt_SIGRTMEM_inner
    defsig_abrt_inner.o(.text) refers to defsig_general.o(.text) for __default_signal_display
    defsig_fpe_inner.o(.text) refers to defsig_general.o(.text) for __default_signal_display
    defsig_rtred_inner.o(.text) refers to defsig_general.o(.text) for __default_signal_display
    defsig_stak_inner.o(.text) refers to defsig_general.o(.text) for __default_signal_display
    defsig_pvfn_inner.o(.text) refers to defsig_general.o(.text) for __default_signal_display
    defsig_cppl_inner.o(.text) refers to defsig_general.o(.text) for __default_signal_display
    defsig_segv_inner.o(.text) refers to defsig_general.o(.text) for __default_signal_display
    defsig_other.o(.text) refers to defsig_general.o(.text) for __default_signal_display


==============================================================================

Removing Unused input sections from the image.

    Removing gpio.o(i.GPIOADCTriggerDisable), (14 bytes).
    Removing gpio.o(i.GPIOADCTriggerEnable), (12 bytes).
    Removing gpio.o(i.GPIODMATriggerDisable), (14 bytes).
    Removing gpio.o(i.GPIODMATriggerEnable), (12 bytes).
    Removing gpio.o(i.GPIODirModeGet), (34 bytes).
    Removing gpio.o(i.GPIOIntClear), (6 bytes).
    Removing gpio.o(i.GPIOIntDisable), (14 bytes).
    Removing gpio.o(i.GPIOIntEnable), (12 bytes).
    Removing gpio.o(i.GPIOIntRegister), (26 bytes).
    Removing gpio.o(i.GPIOIntRegisterPin), (30 bytes).
    Removing gpio.o(i.GPIOIntStatus), (14 bytes).
    Removing gpio.o(i.GPIOIntTypeGet), (68 bytes).
    Removing gpio.o(i.GPIOIntTypeSet), (80 bytes).
    Removing gpio.o(i.GPIOIntUnregister), (22 bytes).
    Removing gpio.o(i.GPIOIntUnregisterPin), (26 bytes).
    Removing gpio.o(i.GPIOPadConfigGet), (204 bytes).
    Removing gpio.o(i.GPIOPinRead), (6 bytes).
    Removing gpio.o(i.GPIOPinTypeADC), (28 bytes).
    Removing gpio.o(i.GPIOPinTypeCAN), (28 bytes).
    Removing gpio.o(i.GPIOPinTypeComparator), (28 bytes).
    Removing gpio.o(i.GPIOPinTypeComparatorOutput), (28 bytes).
    Removing gpio.o(i.GPIOPinTypeDIVSCLK), (28 bytes).
    Removing gpio.o(i.GPIOPinTypeEPI), (28 bytes).
    Removing gpio.o(i.GPIOPinTypeEthernetLED), (28 bytes).
    Removing gpio.o(i.GPIOPinTypeEthernetMII), (28 bytes).
    Removing gpio.o(i.GPIOPinTypeGPIOInput), (28 bytes).
    Removing gpio.o(i.GPIOPinTypeGPIOOutput), (28 bytes).
    Removing gpio.o(i.GPIOPinTypeGPIOOutputOD), (28 bytes).
    Removing gpio.o(i.GPIOPinTypeHibernateRTCCLK), (28 bytes).
    Removing gpio.o(i.GPIOPinTypeI2C), (28 bytes).
    Removing gpio.o(i.GPIOPinTypeI2CSCL), (28 bytes).
    Removing gpio.o(i.GPIOPinTypeLCD), (28 bytes).
    Removing gpio.o(i.GPIOPinTypeOneWire), (28 bytes).
    Removing gpio.o(i.GPIOPinTypeQEI), (28 bytes).
    Removing gpio.o(i.GPIOPinTypeSSI), (28 bytes).
    Removing gpio.o(i.GPIOPinTypeTrace), (28 bytes).
    Removing gpio.o(i.GPIOPinTypeUSBAnalog), (28 bytes).
    Removing gpio.o(i.GPIOPinTypeUSBDigital), (28 bytes).
    Removing gpio.o(i.GPIOPinTypeWakeHigh), (30 bytes).
    Removing gpio.o(i.GPIOPinTypeWakeLow), (30 bytes).
    Removing gpio.o(i.GPIOPinWakeStatus), (6 bytes).
    Removing gpio.o(i.GPIOPinWrite), (6 bytes).
    Removing gpio.o(i._GPIOIntNumberGet), (80 bytes).
    Removing interrupt.o(i.IntIsEnabled), (96 bytes).
    Removing interrupt.o(i.IntMasterDisable), (14 bytes).
    Removing interrupt.o(i.IntPendClear), (68 bytes).
    Removing interrupt.o(i.IntPendSet), (84 bytes).
    Removing interrupt.o(i.IntPriorityGet), (28 bytes).
    Removing interrupt.o(i.IntPriorityGroupingGet), (36 bytes).
    Removing interrupt.o(i.IntPriorityGroupingSet), (28 bytes).
    Removing interrupt.o(i.IntPriorityMaskGet), (4 bytes).
    Removing interrupt.o(i.IntPriorityMaskSet), (4 bytes).
    Removing interrupt.o(i.IntRegister), (52 bytes).
    Removing interrupt.o(i.IntTrigger), (12 bytes).
    Removing interrupt.o(i.IntUnregister), (20 bytes).
    Removing interrupt.o(i._IntDefaultHandler), (2 bytes).
    Removing interrupt.o(vtable), (620 bytes).
    Removing pwm.o(i.PWMClockGet), (26 bytes).
    Removing pwm.o(i.PWMClockSet), (20 bytes).
    Removing pwm.o(i.PWMDeadBandDisable), (12 bytes).
    Removing pwm.o(i.PWMDeadBandEnable), (16 bytes).
    Removing pwm.o(i.PWMFaultIntClear), (8 bytes).
    Removing pwm.o(i.PWMFaultIntClearExt), (4 bytes).
    Removing pwm.o(i.PWMFaultIntRegister), (92 bytes).
    Removing pwm.o(i.PWMFaultIntUnregister), (84 bytes).
    Removing pwm.o(i.PWMGenDisable), (10 bytes).
    Removing pwm.o(i.PWMGenFaultClear), (18 bytes).
    Removing pwm.o(i.PWMGenFaultConfigure), (18 bytes).
    Removing pwm.o(i.PWMGenFaultStatus), (18 bytes).
    Removing pwm.o(i.PWMGenFaultTriggerGet), (12 bytes).
    Removing pwm.o(i.PWMGenFaultTriggerSet), (12 bytes).
    Removing pwm.o(i.PWMGenIntClear), (6 bytes).
    Removing pwm.o(i.PWMGenIntRegister), (26 bytes).
    Removing pwm.o(i.PWMGenIntStatus), (12 bytes).
    Removing pwm.o(i.PWMGenIntTrigDisable), (10 bytes).
    Removing pwm.o(i.PWMGenIntTrigEnable), (10 bytes).
    Removing pwm.o(i.PWMGenIntUnregister), (22 bytes).
    Removing pwm.o(i.PWMGenPeriodGet), (18 bytes).
    Removing pwm.o(i.PWMIntDisable), (10 bytes).
    Removing pwm.o(i.PWMIntEnable), (8 bytes).
    Removing pwm.o(i.PWMIntStatus), (10 bytes).
    Removing pwm.o(i.PWMOutputFault), (16 bytes).
    Removing pwm.o(i.PWMOutputFaultLevel), (16 bytes).
    Removing pwm.o(i.PWMOutputInvert), (16 bytes).
    Removing pwm.o(i.PWMOutputUpdateMode), (62 bytes).
    Removing pwm.o(i.PWMPulseWidthGet), (32 bytes).
    Removing pwm.o(i.PWMSyncTimeBase), (4 bytes).
    Removing pwm.o(i.PWMSyncUpdate), (4 bytes).
    Removing pwm.o(i._PWMGenIntNumberGet), (224 bytes).
    Removing sysctl.o(i.SysCtlAltClkConfig), (12 bytes).
    Removing sysctl.o(i.SysCtlClockFreqSet), (740 bytes).
    Removing sysctl.o(i.SysCtlClockOutConfig), (20 bytes).
    Removing sysctl.o(i.SysCtlDeepSleep), (32 bytes).
    Removing sysctl.o(i.SysCtlDeepSleepClockConfigSet), (112 bytes).
    Removing sysctl.o(i.SysCtlDeepSleepClockSet), (12 bytes).
    Removing sysctl.o(i.SysCtlDeepSleepPowerSet), (12 bytes).
    Removing sysctl.o(i.SysCtlFlashSectorSizeGet), (56 bytes).
    Removing sysctl.o(i.SysCtlFlashSizeGet), (56 bytes).
    Removing sysctl.o(i.SysCtlGPIOAHBDisable), (28 bytes).
    Removing sysctl.o(i.SysCtlGPIOAHBEnable), (24 bytes).
    Removing sysctl.o(i.SysCtlIntClear), (12 bytes).
    Removing sysctl.o(i.SysCtlIntDisable), (16 bytes).
    Removing sysctl.o(i.SysCtlIntEnable), (16 bytes).
    Removing sysctl.o(i.SysCtlIntRegister), (20 bytes).
    Removing sysctl.o(i.SysCtlIntStatus), (16 bytes).
    Removing sysctl.o(i.SysCtlIntUnregister), (18 bytes).
    Removing sysctl.o(i.SysCtlLDODeepSleepGet), (12 bytes).
    Removing sysctl.o(i.SysCtlLDODeepSleepSet), (12 bytes).
    Removing sysctl.o(i.SysCtlLDOSleepGet), (12 bytes).
    Removing sysctl.o(i.SysCtlLDOSleepSet), (12 bytes).
    Removing sysctl.o(i.SysCtlMOSCConfigSet), (12 bytes).
    Removing sysctl.o(i.SysCtlNMIClear), (16 bytes).
    Removing sysctl.o(i.SysCtlNMIStatus), (12 bytes).
    Removing sysctl.o(i.SysCtlPIOSCCalibrate), (76 bytes).
    Removing sysctl.o(i.SysCtlPWMClockGet), (24 bytes).
    Removing sysctl.o(i.SysCtlPeripheralClockGating), (68 bytes).
    Removing sysctl.o(i.SysCtlPeripheralDeepSleepDisable), (40 bytes).
    Removing sysctl.o(i.SysCtlPeripheralDeepSleepEnable), (40 bytes).
    Removing sysctl.o(i.SysCtlPeripheralDisable), (40 bytes).
    Removing sysctl.o(i.SysCtlPeripheralPowerOff), (40 bytes).
    Removing sysctl.o(i.SysCtlPeripheralPowerOn), (40 bytes).
    Removing sysctl.o(i.SysCtlPeripheralPresent), (44 bytes).
    Removing sysctl.o(i.SysCtlPeripheralReady), (44 bytes).
    Removing sysctl.o(i.SysCtlPeripheralReset), (60 bytes).
    Removing sysctl.o(i.SysCtlPeripheralSleepDisable), (40 bytes).
    Removing sysctl.o(i.SysCtlPeripheralSleepEnable), (40 bytes).
    Removing sysctl.o(i.SysCtlReset), (16 bytes).
    Removing sysctl.o(i.SysCtlResetBehaviorGet), (12 bytes).
    Removing sysctl.o(i.SysCtlResetBehaviorSet), (12 bytes).
    Removing sysctl.o(i.SysCtlResetCauseClear), (16 bytes).
    Removing sysctl.o(i.SysCtlResetCauseGet), (12 bytes).
    Removing sysctl.o(i.SysCtlSRAMSizeGet), (16 bytes).
    Removing sysctl.o(i.SysCtlSleep), (4 bytes).
    Removing sysctl.o(i.SysCtlSleepPowerSet), (12 bytes).
    Removing sysctl.o(i.SysCtlUSBPLLDisable), (16 bytes).
    Removing sysctl.o(i.SysCtlUSBPLLEnable), (16 bytes).
    Removing sysctl.o(i.SysCtlVCOGet), (120 bytes).
    Removing sysctl.o(i.SysCtlVoltageEventClear), (16 bytes).
    Removing sysctl.o(i.SysCtlVoltageEventConfig), (12 bytes).
    Removing sysctl.o(i.SysCtlVoltageEventStatus), (12 bytes).
    Removing timer.o(i.TimerADCEventGet), (4 bytes).
    Removing timer.o(i.TimerADCEventSet), (4 bytes).
    Removing timer.o(i.TimerClockSourceGet), (6 bytes).
    Removing timer.o(i.TimerClockSourceSet), (6 bytes).
    Removing timer.o(i.TimerControlLevel), (22 bytes).
    Removing timer.o(i.TimerControlStall), (22 bytes).
    Removing timer.o(i.TimerControlTrigger), (80 bytes).
    Removing timer.o(i.TimerControlWaitOnTrigger), (48 bytes).
    Removing timer.o(i.TimerDMAEventGet), (4 bytes).
    Removing timer.o(i.TimerDMAEventSet), (4 bytes).
    Removing timer.o(i.TimerIntDisable), (10 bytes).
    Removing timer.o(i.TimerIntRegister), (104 bytes).
    Removing timer.o(i.TimerIntUnregister), (104 bytes).
    Removing timer.o(i.TimerLoadGet), (10 bytes).
    Removing timer.o(i.TimerLoadGet64), (14 bytes).
    Removing timer.o(i.TimerLoadSet64), (6 bytes).
    Removing timer.o(i.TimerMatchGet), (10 bytes).
    Removing timer.o(i.TimerMatchGet64), (14 bytes).
    Removing timer.o(i.TimerMatchSet), (18 bytes).
    Removing timer.o(i.TimerMatchSet64), (6 bytes).
    Removing timer.o(i.TimerPrescaleGet), (10 bytes).
    Removing timer.o(i.TimerPrescaleMatchGet), (10 bytes).
    Removing timer.o(i.TimerPrescaleMatchSet), (18 bytes).
    Removing timer.o(i.TimerPrescaleSet), (18 bytes).
    Removing timer.o(i.TimerRTCDisable), (10 bytes).
    Removing timer.o(i.TimerRTCEnable), (10 bytes).
    Removing timer.o(i.TimerSynchronize), (4 bytes).
    Removing timer.o(i.TimerUpdateMode), (42 bytes).
    Removing timer.o(i.TimerValueGet), (10 bytes).
    Removing timer.o(i.TimerValueGet64), (14 bytes).
    Removing timer.o(.constdata), (160 bytes).
    Removing uart.o(i.UART9BitAddrSend), (38 bytes).
    Removing uart.o(i.UART9BitAddrSet), (10 bytes).
    Removing uart.o(i.UART9BitDisable), (14 bytes).
    Removing uart.o(i.UART9BitEnable), (14 bytes).
    Removing uart.o(i.UARTBreakCtl), (18 bytes).
    Removing uart.o(i.UARTBusy), (8 bytes).
    Removing uart.o(i.UARTCharGetNonBlocking), (16 bytes).
    Removing uart.o(i.UARTCharPutNonBlocking), (16 bytes).
    Removing uart.o(i.UARTClockSourceGet), (6 bytes).
    Removing uart.o(i.UARTClockSourceSet), (6 bytes).
    Removing uart.o(i.UARTConfigGetExpClk), (46 bytes).
    Removing uart.o(i.UARTDMADisable), (10 bytes).
    Removing uart.o(i.UARTDMAEnable), (8 bytes).
    Removing uart.o(i.UARTDisable), (30 bytes).
    Removing uart.o(i.UARTDisableSIR), (10 bytes).
    Removing uart.o(i.UARTEnable), (20 bytes).
    Removing uart.o(i.UARTEnableSIR), (18 bytes).
    Removing uart.o(i.UARTFIFODisable), (10 bytes).
    Removing uart.o(i.UARTFIFOEnable), (10 bytes).
    Removing uart.o(i.UARTFIFOLevelGet), (16 bytes).
    Removing uart.o(i.UARTFIFOLevelSet), (6 bytes).
    Removing uart.o(i.UARTFlowControlGet), (8 bytes).
    Removing uart.o(i.UARTFlowControlSet), (12 bytes).
    Removing uart.o(i.UARTIntDisable), (10 bytes).
    Removing uart.o(i.UARTIntRegister), (88 bytes).
    Removing uart.o(i.UARTIntUnregister), (88 bytes).
    Removing uart.o(i.UARTLoopbackEnable), (10 bytes).
    Removing uart.o(i.UARTModemControlClear), (14 bytes).
    Removing uart.o(i.UARTModemControlGet), (8 bytes).
    Removing uart.o(i.UARTModemControlSet), (12 bytes).
    Removing uart.o(i.UARTModemStatusGet), (10 bytes).
    Removing uart.o(i.UARTParityModeGet), (8 bytes).
    Removing uart.o(i.UARTParityModeSet), (12 bytes).
    Removing uart.o(i.UARTRxErrorClear), (6 bytes).
    Removing uart.o(i.UARTRxErrorGet), (8 bytes).
    Removing uart.o(i.UARTSmartCardDisable), (10 bytes).
    Removing uart.o(i.UARTSmartCardEnable), (22 bytes).
    Removing uart.o(i.UARTSpaceAvail), (10 bytes).
    Removing uart.o(i.UARTTxIntModeGet), (8 bytes).
    Removing uart.o(i.UARTTxIntModeSet), (12 bytes).
    Removing uart.o(.constdata), (128 bytes).

212 unused section(s) (total 7052 bytes) removed from the image.

==============================================================================

Image Symbol Table

    Local Symbols

    Symbol Name                              Value     Ov Type        Size  Object(Section)

    RESET                                    0x00000000   Section      648  startup_rvmdk.o(RESET)
    ../clib/angel/boardlib.s                 0x00000000   Number         0  boardshut.o ABSOLUTE
    ../clib/angel/boardlib.s                 0x00000000   Number         0  boardinit3.o ABSOLUTE
    ../clib/angel/boardlib.s                 0x00000000   Number         0  boardinit2.o ABSOLUTE
    ../clib/angel/boardlib.s                 0x00000000   Number         0  boardinit1.o ABSOLUTE
    ../clib/angel/handlers.s                 0x00000000   Number         0  __scatter_zi.o ABSOLUTE
    ../clib/angel/kernel.s                   0x00000000   Number         0  rtexit2.o ABSOLUTE
    ../clib/angel/kernel.s                   0x00000000   Number         0  __rtentry2.o ABSOLUTE
    ../clib/angel/kernel.s                   0x00000000   Number         0  __rtentry.o ABSOLUTE
    ../clib/angel/kernel.s                   0x00000000   Number         0  __rtentry4.o ABSOLUTE
    ../clib/angel/kernel.s                   0x00000000   Number         0  rtexit.o ABSOLUTE
    ../clib/angel/rt.s                       0x00000000   Number         0  rt_raise.o ABSOLUTE
    ../clib/angel/scatter.s                  0x00000000   Number         0  __scatter.o ABSOLUTE
    ../clib/angel/startup.s                  0x00000000   Number         0  __main.o ABSOLUTE
    ../clib/angel/sys.s                      0x00000000   Number         0  libspace.o ABSOLUTE
    ../clib/angel/sys.s                      0x00000000   Number         0  indicate_semi.o ABSOLUTE
    ../clib/angel/sys.s                      0x00000000   Number         0  use_no_semi.o ABSOLUTE
    ../clib/angel/sys.s                      0x00000000   Number         0  sys_stackheap_outer.o ABSOLUTE
    ../clib/angel/sysapp.c                   0x00000000   Number         0  sys_exit.o ABSOLUTE
    ../clib/angel/sysapp.c                   0x00000000   Number         0  sys_command.o ABSOLUTE
    ../clib/angel/sysapp.c                   0x00000000   Number         0  sys_wrch.o ABSOLUTE
    ../clib/armsys.c                         0x00000000   Number         0  argv_veneer.o ABSOLUTE
    ../clib/armsys.c                         0x00000000   Number         0  no_argv.o ABSOLUTE
    ../clib/armsys.c                         0x00000000   Number         0  argv_veneer.o ABSOLUTE
    ../clib/armsys.c                         0x00000000   Number         0  _get_argv_nomalloc.o ABSOLUTE
    ../clib/heapalloc.c                      0x00000000   Number         0  hrguard.o ABSOLUTE
    ../clib/heapaux.c                        0x00000000   Number         0  heapauxi.o ABSOLUTE
    ../clib/libinit.s                        0x00000000   Number         0  libinit.o ABSOLUTE
    ../clib/libinit.s                        0x00000000   Number         0  libinit2.o ABSOLUTE
    ../clib/libinit.s                        0x00000000   Number         0  libshutdown2.o ABSOLUTE
    ../clib/libinit.s                        0x00000000   Number         0  libshutdown.o ABSOLUTE
    ../clib/printf.c                         0x00000000   Number         0  _printf_char_common.o ABSOLUTE
    ../clib/printf.c                         0x00000000   Number         0  __2sprintf.o ABSOLUTE
    ../clib/printf.c                         0x00000000   Number         0  __printf_wp.o ABSOLUTE
    ../clib/printf.c                         0x00000000   Number         0  __printf_flags_wp.o ABSOLUTE
    ../clib/printf.c                         0x00000000   Number         0  _printf_intcommon.o ABSOLUTE
    ../clib/printf.c                         0x00000000   Number         0  _sputc.o ABSOLUTE
    ../clib/printf.c                         0x00000000   Number         0  __printf_flags_ss_wp.o ABSOLUTE
    ../clib/printf.c                         0x00000000   Number         0  __printf_ss_wp.o ABSOLUTE
    ../clib/printf.c                         0x00000000   Number         0  __printf_ss.o ABSOLUTE
    ../clib/printf.c                         0x00000000   Number         0  __printf_flags.o ABSOLUTE
    ../clib/printf.c                         0x00000000   Number         0  __printf_flags_ss.o ABSOLUTE
    ../clib/printf.c                         0x00000000   Number         0  _printf_dec.o ABSOLUTE
    ../clib/printf.c                         0x00000000   Number         0  __printf.o ABSOLUTE
    ../clib/printf.c                         0x00000000   Number         0  __printf_nopercent.o ABSOLUTE
    ../clib/printf.c                         0x00000000   Number         0  noretval__2sprintf.o ABSOLUTE
    ../clib/printf_percent.s                 0x00000000   Number         0  _printf_percent.o ABSOLUTE
    ../clib/printf_percent.s                 0x00000000   Number         0  _printf_d.o ABSOLUTE
    ../clib/printf_percent.s                 0x00000000   Number         0  _printf_percent_end.o ABSOLUTE
    ../clib/signal.c                         0x00000000   Number         0  defsig_cppl_inner.o ABSOLUTE
    ../clib/signal.c                         0x00000000   Number         0  defsig_pvfn_inner.o ABSOLUTE
    ../clib/signal.c                         0x00000000   Number         0  defsig_stak_inner.o ABSOLUTE
    ../clib/signal.c                         0x00000000   Number         0  defsig_rtred_inner.o ABSOLUTE
    ../clib/signal.c                         0x00000000   Number         0  defsig_rtmem_formal.o ABSOLUTE
    ../clib/signal.c                         0x00000000   Number         0  defsig_rtmem_outer.o ABSOLUTE
    ../clib/signal.c                         0x00000000   Number         0  defsig_fpe_inner.o ABSOLUTE
    ../clib/signal.c                         0x00000000   Number         0  defsig_exit.o ABSOLUTE
    ../clib/signal.c                         0x00000000   Number         0  defsig_rtmem_inner.o ABSOLUTE
    ../clib/signal.c                         0x00000000   Number         0  __raise.o ABSOLUTE
    ../clib/signal.c                         0x00000000   Number         0  defsig_general.o ABSOLUTE
    ../clib/signal.c                         0x00000000   Number         0  defsig_segv_inner.o ABSOLUTE
    ../clib/signal.c                         0x00000000   Number         0  defsig_other.o ABSOLUTE
    ../clib/signal.c                         0x00000000   Number         0  defsig_abrt_inner.o ABSOLUTE
    ../clib/signal.s                         0x00000000   Number         0  defsig.o ABSOLUTE
    ../clib/stdlib.c                         0x00000000   Number         0  exit.o ABSOLUTE
    ../fplib/fpinit.s                        0x00000000   Number         0  fpinit.o ABSOLUTE
    MAIN.c                                   0x00000000   Number         0  main.o ABSOLUTE
    cpu.c                                    0x00000000   Number         0  cpu.o ABSOLUTE
    cpu.c                                    0x00000000   Number         0  cpu.o ABSOLUTE
    dc.s                                     0x00000000   Number         0  dc.o ABSOLUTE
    gpio.c                                   0x00000000   Number         0  gpio.o ABSOLUTE
    interrupt.c                              0x00000000   Number         0  interrupt.o ABSOLUTE
    pwm.c                                    0x00000000   Number         0  pwm.o ABSOLUTE
    startup_rvmdk.S                          0x00000000   Number         0  startup_rvmdk.o ABSOLUTE
    sysctl.c                                 0x00000000   Number         0  sysctl.o ABSOLUTE
    sysctl.c                                 0x00000000   Number         0  sysctl.o ABSOLUTE
    timer.c                                  0x00000000   Number         0  timer.o ABSOLUTE
    uart.c                                   0x00000000   Number         0  uart.o ABSOLUTE
    $v0                                      0x0000026c   Number         0  startup_rvmdk.o(RESET)
    NmiSR                                    0x00000281   Thumb Code     0  startup_rvmdk.o(RESET)
    FaultISR                                 0x00000283   Thumb Code     0  startup_rvmdk.o(RESET)
    IntDefaultHandler                        0x00000285   Thumb Code     0  startup_rvmdk.o(RESET)
    !!!main                                  0x00000288   Section        8  __main.o(!!!main)
    !!!scatter                               0x00000290   Section       52  __scatter.o(!!!scatter)
    !!handler_zi                             0x000002c4   Section       28  __scatter_zi.o(!!handler_zi)
    .ARM.Collect$$_printf_percent$$00000000  0x000002e0   Section        0  _printf_percent.o(.ARM.Collect$$_printf_percent$$00000000)
    .ARM.Collect$$_printf_percent$$00000009  0x000002e0   Section        6  _printf_d.o(.ARM.Collect$$_printf_percent$$00000009)
    .ARM.Collect$$_printf_percent$$00000017  0x000002e6   Section        4  _printf_percent_end.o(.ARM.Collect$$_printf_percent$$00000017)
    .ARM.Collect$$libinit$$00000000          0x000002ea   Section        2  libinit.o(.ARM.Collect$$libinit$$00000000)
    .ARM.Collect$$libinit$$00000001          0x000002ec   Section        4  libinit2.o(.ARM.Collect$$libinit$$00000001)
    .ARM.Collect$$libinit$$00000004          0x000002f0   Section        0  libinit2.o(.ARM.Collect$$libinit$$00000004)
    .ARM.Collect$$libinit$$0000000A          0x000002f0   Section        0  libinit2.o(.ARM.Collect$$libinit$$0000000A)
    .ARM.Collect$$libinit$$0000000C          0x000002f0   Section        0  libinit2.o(.ARM.Collect$$libinit$$0000000C)
    .ARM.Collect$$libinit$$0000000E          0x000002f0   Section        0  libinit2.o(.ARM.Collect$$libinit$$0000000E)
    .ARM.Collect$$libinit$$00000011          0x000002f0   Section        0  libinit2.o(.ARM.Collect$$libinit$$00000011)
    .ARM.Collect$$libinit$$00000013          0x000002f0   Section        0  libinit2.o(.ARM.Collect$$libinit$$00000013)
    .ARM.Collect$$libinit$$00000015          0x000002f0   Section        0  libinit2.o(.ARM.Collect$$libinit$$00000015)
    .ARM.Collect$$libinit$$00000017          0x000002f0   Section        0  libinit2.o(.ARM.Collect$$libinit$$00000017)
    .ARM.Collect$$libinit$$00000019          0x000002f0   Section        0  libinit2.o(.ARM.Collect$$libinit$$00000019)
    .ARM.Collect$$libinit$$0000001B          0x000002f0   Section        0  libinit2.o(.ARM.Collect$$libinit$$0000001B)
    .ARM.Collect$$libinit$$0000001D          0x000002f0   Section        0  libinit2.o(.ARM.Collect$$libinit$$0000001D)
    .ARM.Collect$$libinit$$0000001F          0x000002f0   Section        0  libinit2.o(.ARM.Collect$$libinit$$0000001F)
    .ARM.Collect$$libinit$$00000021          0x000002f0   Section        0  libinit2.o(.ARM.Collect$$libinit$$00000021)
    .ARM.Collect$$libinit$$00000023          0x000002f0   Section        0  libinit2.o(.ARM.Collect$$libinit$$00000023)
    .ARM.Collect$$libinit$$00000025          0x000002f0   Section        0  libinit2.o(.ARM.Collect$$libinit$$00000025)
    .ARM.Collect$$libinit$$0000002C          0x000002f0   Section        0  libinit2.o(.ARM.Collect$$libinit$$0000002C)
    .ARM.Collect$$libinit$$0000002E          0x000002f0   Section        0  libinit2.o(.ARM.Collect$$libinit$$0000002E)
    .ARM.Collect$$libinit$$00000030          0x000002f0   Section        0  libinit2.o(.ARM.Collect$$libinit$$00000030)
    .ARM.Collect$$libinit$$00000032          0x000002f0   Section        0  libinit2.o(.ARM.Collect$$libinit$$00000032)
    .ARM.Collect$$libinit$$00000033          0x000002f0   Section        2  libinit2.o(.ARM.Collect$$libinit$$00000033)
    .ARM.Collect$$libshutdown$$00000000      0x000002f2   Section        2  libshutdown.o(.ARM.Collect$$libshutdown$$00000000)
    .ARM.Collect$$libshutdown$$00000002      0x000002f4   Section        0  libshutdown2.o(.ARM.Collect$$libshutdown$$00000002)
    .ARM.Collect$$libshutdown$$00000004      0x000002f4   Section        0  libshutdown2.o(.ARM.Collect$$libshutdown$$00000004)
    .ARM.Collect$$libshutdown$$00000006      0x000002f4   Section        0  libshutdown2.o(.ARM.Collect$$libshutdown$$00000006)
    .ARM.Collect$$libshutdown$$00000009      0x000002f4   Section        0  libshutdown2.o(.ARM.Collect$$libshutdown$$00000009)
    .ARM.Collect$$libshutdown$$0000000C      0x000002f4   Section        0  libshutdown2.o(.ARM.Collect$$libshutdown$$0000000C)
    .ARM.Collect$$libshutdown$$0000000E      0x000002f4   Section        0  libshutdown2.o(.ARM.Collect$$libshutdown$$0000000E)
    .ARM.Collect$$libshutdown$$00000011      0x000002f4   Section        0  libshutdown2.o(.ARM.Collect$$libshutdown$$00000011)
    .ARM.Collect$$libshutdown$$00000012      0x000002f4   Section        2  libshutdown2.o(.ARM.Collect$$libshutdown$$00000012)
    .ARM.Collect$$rtentry$$00000000          0x000002f6   Section        0  __rtentry.o(.ARM.Collect$$rtentry$$00000000)
    .ARM.Collect$$rtentry$$00000002          0x000002f6   Section        0  __rtentry2.o(.ARM.Collect$$rtentry$$00000002)
    .ARM.Collect$$rtentry$$00000004          0x000002f6   Section        6  __rtentry4.o(.ARM.Collect$$rtentry$$00000004)
    .ARM.Collect$$rtentry$$00000009          0x000002fc   Section        0  __rtentry2.o(.ARM.Collect$$rtentry$$00000009)
    .ARM.Collect$$rtentry$$0000000A          0x000002fc   Section        4  __rtentry2.o(.ARM.Collect$$rtentry$$0000000A)
    .ARM.Collect$$rtentry$$0000000C          0x00000300   Section        0  __rtentry2.o(.ARM.Collect$$rtentry$$0000000C)
    .ARM.Collect$$rtentry$$0000000D          0x00000300   Section        8  __rtentry2.o(.ARM.Collect$$rtentry$$0000000D)
    .ARM.Collect$$rtexit$$00000000           0x00000308   Section        2  rtexit.o(.ARM.Collect$$rtexit$$00000000)
    .ARM.Collect$$rtexit$$00000002           0x0000030a   Section        0  rtexit2.o(.ARM.Collect$$rtexit$$00000002)
    .ARM.Collect$$rtexit$$00000003           0x0000030a   Section        4  rtexit2.o(.ARM.Collect$$rtexit$$00000003)
    .ARM.Collect$$rtexit$$00000004           0x0000030e   Section        6  rtexit2.o(.ARM.Collect$$rtexit$$00000004)
    .emb_text                                0x00000314   Section        6  sysctl.o(.emb_text)
    $v0                                      0x00000314   Number         0  sysctl.o(.emb_text)
    .emb_text                                0x0000031c   Section       38  cpu.o(.emb_text)
    $v0                                      0x0000031c   Number         0  cpu.o(.emb_text)
    .text                                    0x00000344   Section       24  startup_rvmdk.o(.text)
    $v0                                      0x00000344   Number         0  startup_rvmdk.o(.text)
    .text                                    0x0000035c   Section        0  main.o(.text)
    .text                                    0x00000d1c   Section        0  noretval__2sprintf.o(.text)
    .text                                    0x00000d44   Section        0  __printf.o(.text)
    .text                                    0x00000dac   Section        0  _printf_dec.o(.text)
    .text                                    0x00000e24   Section        0  heapauxi.o(.text)
    .text                                    0x00000e2a   Section        0  _printf_intcommon.o(.text)
    .text                                    0x00000edc   Section        0  _printf_char_common.o(.text)
    _printf_input_char                       0x00000edd   Thumb Code    10  _printf_char_common.o(.text)
    .text                                    0x00000f0c   Section        0  _sputc.o(.text)
    .text                                    0x00000f16   Section       74  sys_stackheap_outer.o(.text)
    .text                                    0x00000f60   Section        0  exit.o(.text)
    .text                                    0x00000f74   Section        8  libspace.o(.text)
    .text                                    0x00000f7c   Section        0  sys_exit.o(.text)
    .text                                    0x00000f88   Section        2  use_no_semi.o(.text)
    .text                                    0x00000f8a   Section        0  indicate_semi.o(.text)
    i.GPIODirModeSet                         0x00000f8a   Section        0  gpio.o(i.GPIODirModeSet)
    i.GPIOPadConfigSet                       0x00000fb2   Section        0  gpio.o(i.GPIOPadConfigSet)
    i.GPIOPinConfigure                       0x000010ec   Section        0  gpio.o(i.GPIOPinConfigure)
    i.GPIOPinTypePWM                         0x00001130   Section        0  gpio.o(i.GPIOPinTypePWM)
    i.GPIOPinTypeTimer                       0x0000114c   Section        0  gpio.o(i.GPIOPinTypeTimer)
    i.GPIOPinTypeUART                        0x00001168   Section        0  gpio.o(i.GPIOPinTypeUART)
    i.IntDisable                             0x00001184   Section        0  interrupt.o(i.IntDisable)
    i.IntEnable                              0x000011e8   Section        0  interrupt.o(i.IntEnable)
    i.IntMasterEnable                        0x0000124c   Section        0  interrupt.o(i.IntMasterEnable)
    i.IntPrioritySet                         0x0000125c   Section        0  interrupt.o(i.IntPrioritySet)
    i.PWMGenConfigure                        0x00001284   Section        0  pwm.o(i.PWMGenConfigure)
    i.PWMGenEnable                           0x000012aa   Section        0  pwm.o(i.PWMGenEnable)
    i.PWMGenPeriodSet                        0x000012b4   Section        0  pwm.o(i.PWMGenPeriodSet)
    i.PWMOutputState                         0x000012c6   Section        0  pwm.o(i.PWMOutputState)
    i.PWMPulseWidthSet                       0x000012d6   Section        0  pwm.o(i.PWMPulseWidthSet)
    i.SysCtlClockGet                         0x000012f8   Section        0  sysctl.o(i.SysCtlClockGet)
    i.SysCtlClockSet                         0x0000144c   Section        0  sysctl.o(i.SysCtlClockSet)
    i.SysCtlPWMClockSet                      0x0000156c   Section        0  sysctl.o(i.SysCtlPWMClockSet)
    i.SysCtlPeripheralEnable                 0x00001580   Section        0  sysctl.o(i.SysCtlPeripheralEnable)
    i.TimerConfigure                         0x000015a8   Section        0  timer.o(i.TimerConfigure)
    i.TimerControlEvent                      0x00001608   Section        0  timer.o(i.TimerControlEvent)
    i.TimerDisable                           0x0000161a   Section        0  timer.o(i.TimerDisable)
    i.TimerEnable                            0x0000162a   Section        0  timer.o(i.TimerEnable)
    i.TimerIntClear                          0x00001638   Section        0  timer.o(i.TimerIntClear)
    i.TimerIntEnable                         0x0000163c   Section        0  timer.o(i.TimerIntEnable)
    i.TimerIntStatus                         0x00001644   Section        0  timer.o(i.TimerIntStatus)
    i.TimerLoadSet                           0x0000164e   Section        0  timer.o(i.TimerLoadSet)
    i.UARTCharGet                            0x00001660   Section        0  uart.o(i.UARTCharGet)
    i.UARTCharPut                            0x0000166c   Section        0  uart.o(i.UARTCharPut)
    i.UARTCharsAvail                         0x00001678   Section        0  uart.o(i.UARTCharsAvail)
    i.UARTConfigSetExpClk                    0x00001682   Section        0  uart.o(i.UARTConfigSetExpClk)
    i.UARTIntClear                           0x000016f0   Section        0  uart.o(i.UARTIntClear)
    i.UARTIntEnable                          0x000016f4   Section        0  uart.o(i.UARTIntEnable)
    i.UARTIntStatus                          0x000016fc   Section        0  uart.o(i.UARTIntStatus)
    x$fpl$fpinit                             0x00001706   Section       10  fpinit.o(x$fpl$fpinit)
    $v0                                      0x00001706   Number         0  fpinit.o(x$fpl$fpinit)
    .constdata                               0x00001710   Section      552  gpio.o(.constdata)
    g_ppui32GPIOIntMapBlizzard               0x00001710   Data         192  gpio.o(.constdata)
    g_ppui32GPIOIntMapSnowflake              0x000017d0   Data         216  gpio.o(.constdata)
    g_pui32GPIOBaseAddrs                     0x000018a8   Data         144  gpio.o(.constdata)
    .constdata                               0x00001938   Section      268  interrupt.o(.constdata)
    g_pui32Priority                          0x00001938   Data          32  interrupt.o(.constdata)
    g_pui32Regs                              0x00001958   Data         156  interrupt.o(.constdata)
    g_pui32EnRegs                            0x000019f4   Data          20  interrupt.o(.constdata)
    g_pui32Dii16Regs                         0x00001a08   Data          20  interrupt.o(.constdata)
    g_pui32PendRegs                          0x00001a1c   Data          20  interrupt.o(.constdata)
    g_pui32UnpendRegs                        0x00001a30   Data          20  interrupt.o(.constdata)
    .constdata                               0x00001a44   Section      596  sysctl.o(.constdata)
    g_pui32VCOFrequencies                    0x00001a44   Data           8  sysctl.o(.constdata)
    g_pui32Xtals                             0x00001a4c   Data         108  sysctl.o(.constdata)
    g_pppui32XTALtoVCO                       0x00001ab8   Data         432  sysctl.o(.constdata)
    g_sXTALtoMEMTIM                          0x00001c68   Data          48  sysctl.o(.constdata)
    .bss                                     0x20000000   Section       96  libspace.o(.bss)
    HEAP                                     0x20000060   Section        0  startup_rvmdk.o(HEAP)
    STACK                                    0x20000060   Section      256  startup_rvmdk.o(STACK)
    HeapMem                                  0x20000060   Data           0  startup_rvmdk.o(HEAP)
    StackMem                                 0x20000060   Data           0  startup_rvmdk.o(STACK)

    Global Symbols

    Symbol Name                              Value     Ov Type        Size  Object(Section)

    BuildAttributes$$THM_ISAv4$E$P$D$K$B$S$7EM$VFPi3$EXTD16$VFPS$VFMA$PE$A:L22UL41UL21$X:L11$S22US41US21$IEEE1$IW$USESV6$~STKCKD$USESV7$~SHL$OTIME$ROPI$EBA8$UX$STANDARDLIB$REQ8$PRES8$EABIv2 0x00000000   Number         0  anon$$obj.o ABSOLUTE
    __ARM_use_no_argv                        0x00000000   Number         0  main.o ABSOLUTE
    __Vectors                                0x00000000   Data           0  startup_rvmdk.o(RESET)
    __ARM_exceptions_init                     - Undefined Weak Reference
    __alloca_initialize                       - Undefined Weak Reference
    __arm_fini_                               - Undefined Weak Reference
    __arm_preinit_                            - Undefined Weak Reference
    __cpp_initialize__aeabi_                  - Undefined Weak Reference
    __cxa_finalize                            - Undefined Weak Reference
    __rt_locale                               - Undefined Weak Reference
    __sigvec_lookup                           - Undefined Weak Reference
    _atexit_init                              - Undefined Weak Reference
    _call_atexit_fns                          - Undefined Weak Reference
    _clock_init                               - Undefined Weak Reference
    _fp_trap_init                             - Undefined Weak Reference
    _fp_trap_shutdown                         - Undefined Weak Reference
    _get_lc_collate                           - Undefined Weak Reference
    _get_lc_ctype                             - Undefined Weak Reference
    _get_lc_monetary                          - Undefined Weak Reference
    _get_lc_numeric                           - Undefined Weak Reference
    _get_lc_time                              - Undefined Weak Reference
    _getenv_init                              - Undefined Weak Reference
    _handle_redirection                       - Undefined Weak Reference
    _init_alloc                               - Undefined Weak Reference
    _init_user_alloc                          - Undefined Weak Reference
    _initio                                   - Undefined Weak Reference
    _printf_post_padding                      - Undefined Weak Reference
    _printf_pre_padding                       - Undefined Weak Reference
    _printf_truncate_signed                   - Undefined Weak Reference
    _printf_truncate_unsigned                 - Undefined Weak Reference
    _rand_init                                - Undefined Weak Reference
    _signal_finish                            - Undefined Weak Reference
    _signal_init                              - Undefined Weak Reference
    _terminate_alloc                          - Undefined Weak Reference
    _terminate_user_alloc                     - Undefined Weak Reference
    _terminateio                              - Undefined Weak Reference
    Reset_Handler                            0x0000026d   Thumb Code     0  startup_rvmdk.o(RESET)
    __main                                   0x00000289   Thumb Code     8  __main.o(!!!main)
    __scatterload                            0x00000291   Thumb Code     0  __scatter.o(!!!scatter)
    __scatterload_rt2                        0x00000291   Thumb Code    44  __scatter.o(!!!scatter)
    __scatterload_rt2_thumb_only             0x00000291   Thumb Code     0  __scatter.o(!!!scatter)
    __scatterload_null                       0x0000029f   Thumb Code     0  __scatter.o(!!!scatter)
    __scatterload_zeroinit                   0x000002c5   Thumb Code    28  __scatter_zi.o(!!handler_zi)
    _printf_d                                0x000002e1   Thumb Code     0  _printf_d.o(.ARM.Collect$$_printf_percent$$00000009)
    _printf_percent                          0x000002e1   Thumb Code     0  _printf_percent.o(.ARM.Collect$$_printf_percent$$00000000)
    _printf_percent_end                      0x000002e7   Thumb Code     0  _printf_percent_end.o(.ARM.Collect$$_printf_percent$$00000017)
    __rt_lib_init                            0x000002eb   Thumb Code     0  libinit.o(.ARM.Collect$$libinit$$00000000)
    __rt_lib_init_fp_1                       0x000002ed   Thumb Code     0  libinit2.o(.ARM.Collect$$libinit$$00000001)
    __rt_lib_init_alloca_1                   0x000002f1   Thumb Code     0  libinit2.o(.ARM.Collect$$libinit$$0000002E)
    __rt_lib_init_argv_1                     0x000002f1   Thumb Code     0  libinit2.o(.ARM.Collect$$libinit$$0000002C)
    __rt_lib_init_atexit_1                   0x000002f1   Thumb Code     0  libinit2.o(.ARM.Collect$$libinit$$0000001B)
    __rt_lib_init_clock_1                    0x000002f1   Thumb Code     0  libinit2.o(.ARM.Collect$$libinit$$00000021)
    __rt_lib_init_cpp_1                      0x000002f1   Thumb Code     0  libinit2.o(.ARM.Collect$$libinit$$00000032)
    __rt_lib_init_exceptions_1               0x000002f1   Thumb Code     0  libinit2.o(.ARM.Collect$$libinit$$00000030)
    __rt_lib_init_fp_trap_1                  0x000002f1   Thumb Code     0  libinit2.o(.ARM.Collect$$libinit$$0000001F)
    __rt_lib_init_getenv_1                   0x000002f1   Thumb Code     0  libinit2.o(.ARM.Collect$$libinit$$00000023)
    __rt_lib_init_heap_1                     0x000002f1   Thumb Code     0  libinit2.o(.ARM.Collect$$libinit$$0000000A)
    __rt_lib_init_lc_collate_1               0x000002f1   Thumb Code     0  libinit2.o(.ARM.Collect$$libinit$$00000011)
    __rt_lib_init_lc_ctype_1                 0x000002f1   Thumb Code     0  libinit2.o(.ARM.Collect$$libinit$$00000013)
    __rt_lib_init_lc_monetary_1              0x000002f1   Thumb Code     0  libinit2.o(.ARM.Collect$$libinit$$00000015)
    __rt_lib_init_lc_numeric_1               0x000002f1   Thumb Code     0  libinit2.o(.ARM.Collect$$libinit$$00000017)
    __rt_lib_init_lc_time_1                  0x000002f1   Thumb Code     0  libinit2.o(.ARM.Collect$$libinit$$00000019)
    __rt_lib_init_preinit_1                  0x000002f1   Thumb Code     0  libinit2.o(.ARM.Collect$$libinit$$00000004)
    __rt_lib_init_rand_1                     0x000002f1   Thumb Code     0  libinit2.o(.ARM.Collect$$libinit$$0000000E)
    __rt_lib_init_return                     0x000002f1   Thumb Code     0  libinit2.o(.ARM.Collect$$libinit$$00000033)
    __rt_lib_init_signal_1                   0x000002f1   Thumb Code     0  libinit2.o(.ARM.Collect$$libinit$$0000001D)
    __rt_lib_init_stdio_1                    0x000002f1   Thumb Code     0  libinit2.o(.ARM.Collect$$libinit$$00000025)
    __rt_lib_init_user_alloc_1               0x000002f1   Thumb Code     0  libinit2.o(.ARM.Collect$$libinit$$0000000C)
    __rt_lib_shutdown                        0x000002f3   Thumb Code     0  libshutdown.o(.ARM.Collect$$libshutdown$$00000000)
    __rt_lib_shutdown_cpp_1                  0x000002f5   Thumb Code     0  libshutdown2.o(.ARM.Collect$$libshutdown$$00000004)
    __rt_lib_shutdown_fini_1                 0x000002f5   Thumb Code     0  libshutdown2.o(.ARM.Collect$$libshutdown$$00000002)
    __rt_lib_shutdown_fp_trap_1              0x000002f5   Thumb Code     0  libshutdown2.o(.ARM.Collect$$libshutdown$$00000009)
    __rt_lib_shutdown_heap_1                 0x000002f5   Thumb Code     0  libshutdown2.o(.ARM.Collect$$libshutdown$$00000011)
    __rt_lib_shutdown_return                 0x000002f5   Thumb Code     0  libshutdown2.o(.ARM.Collect$$libshutdown$$00000012)
    __rt_lib_shutdown_signal_1               0x000002f5   Thumb Code     0  libshutdown2.o(.ARM.Collect$$libshutdown$$0000000C)
    __rt_lib_shutdown_stdio_1                0x000002f5   Thumb Code     0  libshutdown2.o(.ARM.Collect$$libshutdown$$00000006)
    __rt_lib_shutdown_user_alloc_1           0x000002f5   Thumb Code     0  libshutdown2.o(.ARM.Collect$$libshutdown$$0000000E)
    __rt_entry                               0x000002f7   Thumb Code     0  __rtentry.o(.ARM.Collect$$rtentry$$00000000)
    __rt_entry_presh_1                       0x000002f7   Thumb Code     0  __rtentry2.o(.ARM.Collect$$rtentry$$00000002)
    __rt_entry_sh                            0x000002f7   Thumb Code     0  __rtentry4.o(.ARM.Collect$$rtentry$$00000004)
    __rt_entry_li                            0x000002fd   Thumb Code     0  __rtentry2.o(.ARM.Collect$$rtentry$$0000000A)
    __rt_entry_postsh_1                      0x000002fd   Thumb Code     0  __rtentry2.o(.ARM.Collect$$rtentry$$00000009)
    __rt_entry_main                          0x00000301   Thumb Code     0  __rtentry2.o(.ARM.Collect$$rtentry$$0000000D)
    __rt_entry_postli_1                      0x00000301   Thumb Code     0  __rtentry2.o(.ARM.Collect$$rtentry$$0000000C)
    __rt_exit                                0x00000309   Thumb Code     0  rtexit.o(.ARM.Collect$$rtexit$$00000000)
    __rt_exit_ls                             0x0000030b   Thumb Code     0  rtexit2.o(.ARM.Collect$$rtexit$$00000003)
    __rt_exit_prels_1                        0x0000030b   Thumb Code     0  rtexit2.o(.ARM.Collect$$rtexit$$00000002)
    __rt_exit_exit                           0x0000030f   Thumb Code     0  rtexit2.o(.ARM.Collect$$rtexit$$00000004)
    SysCtlDelay                              0x00000315   Thumb Code     6  sysctl.o(.emb_text)
    CPUcpsid                                 0x0000031d   Thumb Code     8  cpu.o(.emb_text)
    CPUprimask                               0x00000325   Thumb Code     6  cpu.o(.emb_text)
    CPUcpsie                                 0x0000032b   Thumb Code     8  cpu.o(.emb_text)
    CPUwfi                                   0x00000333   Thumb Code     4  cpu.o(.emb_text)
    CPUbasepriSet                            0x00000337   Thumb Code     6  cpu.o(.emb_text)
    CPUbasepriGet                            0x0000033d   Thumb Code     6  cpu.o(.emb_text)
    __user_initial_stackheap                 0x00000345   Thumb Code     0  startup_rvmdk.o(.text)
    PORT_F_A_C_Init                          0x0000035d   Thumb Code    88  main.o(.text)
    UART0_Init                               0x000003b5   Thumb Code    66  main.o(.text)
    UART1_Init                               0x000003f7   Thumb Code    90  main.o(.text)
    PORT_FUNCT_INIT                          0x00000451   Thumb Code   258  main.o(.text)
    PWM_INIT                                 0x00000553   Thumb Code   270  main.o(.text)
    Milli_Second_Delay                       0x00000661   Thumb Code   100  main.o(.text)
    TrigSend                                 0x000006c5   Thumb Code    88  main.o(.text)
    Trigger1_Init                            0x0000071d   Thumb Code   170  main.o(.text)
    Echo1_Init                               0x000007c7   Thumb Code   116  main.o(.text)
    STOP                                     0x0000083b   Thumb Code   136  main.o(.text)
    Sensor_Distance_Handler                  0x000008c3   Thumb Code   158  main.o(.text)
    PWM_FORWARD                              0x00000961   Thumb Code   136  main.o(.text)
    PWM_BACKWARD                             0x000009e9   Thumb Code   136  main.o(.text)
    PWM_RIGHT                                0x00000a71   Thumb Code   136  main.o(.text)
    PWM_LEFT                                 0x00000af9   Thumb Code   136  main.o(.text)
    UART1_Handler                            0x00000b81   Thumb Code   380  main.o(.text)
    main                                     0x00000cfd   Thumb Code    20  main.o(.text)
    __2sprintf                               0x00000d1d   Thumb Code    34  noretval__2sprintf.o(.text)
    __printf                                 0x00000d45   Thumb Code   104  __printf.o(.text)
    _printf_int_dec                          0x00000dad   Thumb Code   104  _printf_dec.o(.text)
    __use_two_region_memory                  0x00000e25   Thumb Code     2  heapauxi.o(.text)
    __rt_heap_escrow$2region                 0x00000e27   Thumb Code     2  heapauxi.o(.text)
    __rt_heap_expand$2region                 0x00000e29   Thumb Code     2  heapauxi.o(.text)
    _printf_int_common                       0x00000e2b   Thumb Code   178  _printf_intcommon.o(.text)
    _printf_char_common                      0x00000ee7   Thumb Code    32  _printf_char_common.o(.text)
    _sputc                                   0x00000f0d   Thumb Code    10  _sputc.o(.text)
    __user_setup_stackheap                   0x00000f17   Thumb Code    74  sys_stackheap_outer.o(.text)
    exit                                     0x00000f61   Thumb Code    18  exit.o(.text)
    __user_libspace                          0x00000f75   Thumb Code     8  libspace.o(.text)
    __user_perproc_libspace                  0x00000f75   Thumb Code     0  libspace.o(.text)
    __user_perthread_libspace                0x00000f75   Thumb Code     0  libspace.o(.text)
    _sys_exit                                0x00000f7d   Thumb Code     8  sys_exit.o(.text)
    __I$use$semihosting                      0x00000f89   Thumb Code     0  use_no_semi.o(.text)
    __use_no_semihosting_swi                 0x00000f89   Thumb Code     2  use_no_semi.o(.text)
    GPIODirModeSet                           0x00000f8b   Thumb Code    40  gpio.o(i.GPIODirModeSet)
    __semihosting_library_function           0x00000f8b   Thumb Code     0  indicate_semi.o(.text)
    GPIOPadConfigSet                         0x00000fb3   Thumb Code   312  gpio.o(i.GPIOPadConfigSet)
    GPIOPinConfigure                         0x000010ed   Thumb Code    60  gpio.o(i.GPIOPinConfigure)
    GPIOPinTypePWM                           0x00001131   Thumb Code    28  gpio.o(i.GPIOPinTypePWM)
    GPIOPinTypeTimer                         0x0000114d   Thumb Code    28  gpio.o(i.GPIOPinTypeTimer)
    GPIOPinTypeUART                          0x00001169   Thumb Code    28  gpio.o(i.GPIOPinTypeUART)
    IntDisable                               0x00001185   Thumb Code    92  interrupt.o(i.IntDisable)
    IntEnable                                0x000011e9   Thumb Code    92  interrupt.o(i.IntEnable)
    IntMasterEnable                          0x0000124d   Thumb Code    14  interrupt.o(i.IntMasterEnable)
    IntPrioritySet                           0x0000125d   Thumb Code    36  interrupt.o(i.IntPrioritySet)
    PWMGenConfigure                          0x00001285   Thumb Code    38  pwm.o(i.PWMGenConfigure)
    PWMGenEnable                             0x000012ab   Thumb Code    10  pwm.o(i.PWMGenEnable)
    PWMGenPeriodSet                          0x000012b5   Thumb Code    18  pwm.o(i.PWMGenPeriodSet)
    PWMOutputState                           0x000012c7   Thumb Code    16  pwm.o(i.PWMOutputState)
    PWMPulseWidthSet                         0x000012d7   Thumb Code    32  pwm.o(i.PWMPulseWidthSet)
    SysCtlClockGet                           0x000012f9   Thumb Code   304  sysctl.o(i.SysCtlClockGet)
    SysCtlClockSet                           0x0000144d   Thumb Code   270  sysctl.o(i.SysCtlClockSet)
    SysCtlPWMClockSet                        0x0000156d   Thumb Code    14  sysctl.o(i.SysCtlPWMClockSet)
    SysCtlPeripheralEnable                   0x00001581   Thumb Code    36  sysctl.o(i.SysCtlPeripheralEnable)
    TimerConfigure                           0x000015a9   Thumb Code    88  timer.o(i.TimerConfigure)
    TimerControlEvent                        0x00001609   Thumb Code    18  timer.o(i.TimerControlEvent)
    TimerDisable                             0x0000161b   Thumb Code    16  timer.o(i.TimerDisable)
    TimerEnable                              0x0000162b   Thumb Code    14  timer.o(i.TimerEnable)
    TimerIntClear                            0x00001639   Thumb Code     4  timer.o(i.TimerIntClear)
    TimerIntEnable                           0x0000163d   Thumb Code     8  timer.o(i.TimerIntEnable)
    TimerIntStatus                           0x00001645   Thumb Code    10  timer.o(i.TimerIntStatus)
    TimerLoadSet                             0x0000164f   Thumb Code    18  timer.o(i.TimerLoadSet)
    UARTCharGet                              0x00001661   Thumb Code    12  uart.o(i.UARTCharGet)
    UARTCharPut                              0x0000166d   Thumb Code    12  uart.o(i.UARTCharPut)
    UARTCharsAvail                           0x00001679   Thumb Code    10  uart.o(i.UARTCharsAvail)
    UARTConfigSetExpClk                      0x00001683   Thumb Code   110  uart.o(i.UARTConfigSetExpClk)
    UARTIntClear                             0x000016f1   Thumb Code     4  uart.o(i.UARTIntClear)
    UARTIntEnable                            0x000016f5   Thumb Code     8  uart.o(i.UARTIntEnable)
    UARTIntStatus                            0x000016fd   Thumb Code    10  uart.o(i.UARTIntStatus)
    _fp_init                                 0x00001707   Thumb Code    10  fpinit.o(x$fpl$fpinit)
    __fplib_config_fpu_vfp                   0x0000170f   Thumb Code     0  fpinit.o(x$fpl$fpinit)
    __fplib_config_pureend_doubles           0x0000170f   Thumb Code     0  fpinit.o(x$fpl$fpinit)
    Region$$Table$$Base                      0x00001c98   Number         0  anon$$obj.o(Region$$Table)
    Region$$Table$$Limit                     0x00001ca8   Number         0  anon$$obj.o(Region$$Table)
    __libspace_start                         0x20000000   Data          96  libspace.o(.bss)
    __temporary_stack_top$libspace           0x20000060   Data           0  libspace.o(.bss)



==============================================================================

Memory Map of the image

  Image Entry point : 0x0000026d

  Load Region LR_1 (Base: 0x00000000, Size: 0x00001ca8, Max: 0xffffffff, ABSOLUTE)

    Execution Region ER_RO (Exec base: 0x00000000, Load base: 0x00000000, Size: 0x00001ca8, Max: 0xffffffff, ABSOLUTE)

    Exec Addr    Load Addr    Size         Type   Attr      Idx    E Section Name        Object

    0x00000000   0x00000000   0x00000288   Code   RO            3  * RESET               startup_rvmdk.o
    0x00000288   0x00000288   0x00000008   Code   RO         1676  * !!!main             c_w.l(__main.o)
    0x00000290   0x00000290   0x00000034   Code   RO         1844    !!!scatter          c_w.l(__scatter.o)
    0x000002c4   0x000002c4   0x0000001c   Code   RO         1846    !!handler_zi        c_w.l(__scatter_zi.o)
    0x000002e0   0x000002e0   0x00000000   Code   RO         1673    .ARM.Collect$$_printf_percent$$00000000  c_w.l(_printf_percent.o)
    0x000002e0   0x000002e0   0x00000006   Code   RO         1672    .ARM.Collect$$_printf_percent$$00000009  c_w.l(_printf_d.o)
    0x000002e6   0x000002e6   0x00000004   Code   RO         1685    .ARM.Collect$$_printf_percent$$00000017  c_w.l(_printf_percent_end.o)
    0x000002ea   0x000002ea   0x00000002   Code   RO         1712    .ARM.Collect$$libinit$$00000000  c_w.l(libinit.o)
    0x000002ec   0x000002ec   0x00000004   Code   RO         1718    .ARM.Collect$$libinit$$00000001  c_w.l(libinit2.o)
    0x000002f0   0x000002f0   0x00000000   Code   RO         1721    .ARM.Collect$$libinit$$00000004  c_w.l(libinit2.o)
    0x000002f0   0x000002f0   0x00000000   Code   RO         1724    .ARM.Collect$$libinit$$0000000A  c_w.l(libinit2.o)
    0x000002f0   0x000002f0   0x00000000   Code   RO         1726    .ARM.Collect$$libinit$$0000000C  c_w.l(libinit2.o)
    0x000002f0   0x000002f0   0x00000000   Code   RO         1728    .ARM.Collect$$libinit$$0000000E  c_w.l(libinit2.o)
    0x000002f0   0x000002f0   0x00000000   Code   RO         1731    .ARM.Collect$$libinit$$00000011  c_w.l(libinit2.o)
    0x000002f0   0x000002f0   0x00000000   Code   RO         1733    .ARM.Collect$$libinit$$00000013  c_w.l(libinit2.o)
    0x000002f0   0x000002f0   0x00000000   Code   RO         1735    .ARM.Collect$$libinit$$00000015  c_w.l(libinit2.o)
    0x000002f0   0x000002f0   0x00000000   Code   RO         1737    .ARM.Collect$$libinit$$00000017  c_w.l(libinit2.o)
    0x000002f0   0x000002f0   0x00000000   Code   RO         1739    .ARM.Collect$$libinit$$00000019  c_w.l(libinit2.o)
    0x000002f0   0x000002f0   0x00000000   Code   RO         1741    .ARM.Collect$$libinit$$0000001B  c_w.l(libinit2.o)
    0x000002f0   0x000002f0   0x00000000   Code   RO         1743    .ARM.Collect$$libinit$$0000001D  c_w.l(libinit2.o)
    0x000002f0   0x000002f0   0x00000000   Code   RO         1745    .ARM.Collect$$libinit$$0000001F  c_w.l(libinit2.o)
    0x000002f0   0x000002f0   0x00000000   Code   RO         1747    .ARM.Collect$$libinit$$00000021  c_w.l(libinit2.o)
    0x000002f0   0x000002f0   0x00000000   Code   RO         1749    .ARM.Collect$$libinit$$00000023  c_w.l(libinit2.o)
    0x000002f0   0x000002f0   0x00000000   Code   RO         1751    .ARM.Collect$$libinit$$00000025  c_w.l(libinit2.o)
    0x000002f0   0x000002f0   0x00000000   Code   RO         1755    .ARM.Collect$$libinit$$0000002C  c_w.l(libinit2.o)
    0x000002f0   0x000002f0   0x00000000   Code   RO         1757    .ARM.Collect$$libinit$$0000002E  c_w.l(libinit2.o)
    0x000002f0   0x000002f0   0x00000000   Code   RO         1759    .ARM.Collect$$libinit$$00000030  c_w.l(libinit2.o)
    0x000002f0   0x000002f0   0x00000000   Code   RO         1761    .ARM.Collect$$libinit$$00000032  c_w.l(libinit2.o)
    0x000002f0   0x000002f0   0x00000002   Code   RO         1762    .ARM.Collect$$libinit$$00000033  c_w.l(libinit2.o)
    0x000002f2   0x000002f2   0x00000002   Code   RO         1782    .ARM.Collect$$libshutdown$$00000000  c_w.l(libshutdown.o)
    0x000002f4   0x000002f4   0x00000000   Code   RO         1795    .ARM.Collect$$libshutdown$$00000002  c_w.l(libshutdown2.o)
    0x000002f4   0x000002f4   0x00000000   Code   RO         1797    .ARM.Collect$$libshutdown$$00000004  c_w.l(libshutdown2.o)
    0x000002f4   0x000002f4   0x00000000   Code   RO         1799    .ARM.Collect$$libshutdown$$00000006  c_w.l(libshutdown2.o)
    0x000002f4   0x000002f4   0x00000000   Code   RO         1802    .ARM.Collect$$libshutdown$$00000009  c_w.l(libshutdown2.o)
    0x000002f4   0x000002f4   0x00000000   Code   RO         1805    .ARM.Collect$$libshutdown$$0000000C  c_w.l(libshutdown2.o)
    0x000002f4   0x000002f4   0x00000000   Code   RO         1807    .ARM.Collect$$libshutdown$$0000000E  c_w.l(libshutdown2.o)
    0x000002f4   0x000002f4   0x00000000   Code   RO         1810    .ARM.Collect$$libshutdown$$00000011  c_w.l(libshutdown2.o)
    0x000002f4   0x000002f4   0x00000002   Code   RO         1811    .ARM.Collect$$libshutdown$$00000012  c_w.l(libshutdown2.o)
    0x000002f6   0x000002f6   0x00000000   Code   RO         1678    .ARM.Collect$$rtentry$$00000000  c_w.l(__rtentry.o)
    0x000002f6   0x000002f6   0x00000000   Code   RO         1687    .ARM.Collect$$rtentry$$00000002  c_w.l(__rtentry2.o)
    0x000002f6   0x000002f6   0x00000006   Code   RO         1699    .ARM.Collect$$rtentry$$00000004  c_w.l(__rtentry4.o)
    0x000002fc   0x000002fc   0x00000000   Code   RO         1689    .ARM.Collect$$rtentry$$00000009  c_w.l(__rtentry2.o)
    0x000002fc   0x000002fc   0x00000004   Code   RO         1690    .ARM.Collect$$rtentry$$0000000A  c_w.l(__rtentry2.o)
    0x00000300   0x00000300   0x00000000   Code   RO         1692    .ARM.Collect$$rtentry$$0000000C  c_w.l(__rtentry2.o)
    0x00000300   0x00000300   0x00000008   Code   RO         1693    .ARM.Collect$$rtentry$$0000000D  c_w.l(__rtentry2.o)
    0x00000308   0x00000308   0x00000002   Code   RO         1716    .ARM.Collect$$rtexit$$00000000  c_w.l(rtexit.o)
    0x0000030a   0x0000030a   0x00000000   Code   RO         1764    .ARM.Collect$$rtexit$$00000002  c_w.l(rtexit2.o)
    0x0000030a   0x0000030a   0x00000004   Code   RO         1765    .ARM.Collect$$rtexit$$00000003  c_w.l(rtexit2.o)
    0x0000030e   0x0000030e   0x00000006   Code   RO         1766    .ARM.Collect$$rtexit$$00000004  c_w.l(rtexit2.o)
    0x00000314   0x00000314   0x00000006   Code   RO          747    .emb_text           driverlib.lib(sysctl.o)
    0x0000031a   0x0000031a   0x00000002   PAD
    0x0000031c   0x0000031c   0x00000026   Code   RO         1632    .emb_text           driverlib.lib(cpu.o)
    0x00000342   0x00000342   0x00000002   PAD
    0x00000344   0x00000344   0x00000018   Code   RO            4    .text               startup_rvmdk.o
    0x0000035c   0x0000035c   0x000009c0   Code   RO           11    .text               main.o
    0x00000d1c   0x00000d1c   0x00000028   Code   RO         1646    .text               c_w.l(noretval__2sprintf.o)
    0x00000d44   0x00000d44   0x00000068   Code   RO         1648    .text               c_w.l(__printf.o)
    0x00000dac   0x00000dac   0x00000078   Code   RO         1650    .text               c_w.l(_printf_dec.o)
    0x00000e24   0x00000e24   0x00000006   Code   RO         1674    .text               c_w.l(heapauxi.o)
    0x00000e2a   0x00000e2a   0x000000b2   Code   RO         1679    .text               c_w.l(_printf_intcommon.o)
    0x00000edc   0x00000edc   0x00000030   Code   RO         1681    .text               c_w.l(_printf_char_common.o)
    0x00000f0c   0x00000f0c   0x0000000a   Code   RO         1683    .text               c_w.l(_sputc.o)
    0x00000f16   0x00000f16   0x0000004a   Code   RO         1703    .text               c_w.l(sys_stackheap_outer.o)
    0x00000f60   0x00000f60   0x00000012   Code   RO         1705    .text               c_w.l(exit.o)
    0x00000f72   0x00000f72   0x00000002   PAD
    0x00000f74   0x00000f74   0x00000008   Code   RO         1713    .text               c_w.l(libspace.o)
    0x00000f7c   0x00000f7c   0x0000000c   Code   RO         1774    .text               c_w.l(sys_exit.o)
    0x00000f88   0x00000f88   0x00000002   Code   RO         1785    .text               c_w.l(use_no_semi.o)
    0x00000f8a   0x00000f8a   0x00000000   Code   RO         1787    .text               c_w.l(indicate_semi.o)
    0x00000f8a   0x00000f8a   0x00000028   Code   RO           72    i.GPIODirModeSet    driverlib.lib(gpio.o)
    0x00000fb2   0x00000fb2   0x00000138   Code   RO           84    i.GPIOPadConfigSet  driverlib.lib(gpio.o)
    0x000010ea   0x000010ea   0x00000002   PAD
    0x000010ec   0x000010ec   0x00000044   Code   RO           85    i.GPIOPinConfigure  driverlib.lib(gpio.o)
    0x00001130   0x00001130   0x0000001c   Code   RO          103    i.GPIOPinTypePWM    driverlib.lib(gpio.o)
    0x0000114c   0x0000114c   0x0000001c   Code   RO          106    i.GPIOPinTypeTimer  driverlib.lib(gpio.o)
    0x00001168   0x00001168   0x0000001c   Code   RO          108    i.GPIOPinTypeUART   driverlib.lib(gpio.o)
    0x00001184   0x00001184   0x00000064   Code   RO          398    i.IntDisable        driverlib.lib(interrupt.o)
    0x000011e8   0x000011e8   0x00000064   Code   RO          399    i.IntEnable         driverlib.lib(interrupt.o)
    0x0000124c   0x0000124c   0x0000000e   Code   RO          402    i.IntMasterEnable   driverlib.lib(interrupt.o)
    0x0000125a   0x0000125a   0x00000002   PAD
    0x0000125c   0x0000125c   0x00000028   Code   RO          410    i.IntPrioritySet    driverlib.lib(interrupt.o)
    0x00001284   0x00001284   0x00000026   Code   RO          522    i.PWMGenConfigure   driverlib.lib(pwm.o)
    0x000012aa   0x000012aa   0x0000000a   Code   RO          524    i.PWMGenEnable      driverlib.lib(pwm.o)
    0x000012b4   0x000012b4   0x00000012   Code   RO          537    i.PWMGenPeriodSet   driverlib.lib(pwm.o)
    0x000012c6   0x000012c6   0x00000010   Code   RO          544    i.PWMOutputState    driverlib.lib(pwm.o)
    0x000012d6   0x000012d6   0x00000020   Code   RO          547    i.PWMPulseWidthSet  driverlib.lib(pwm.o)
    0x000012f6   0x000012f6   0x00000002   PAD
    0x000012f8   0x000012f8   0x00000154   Code   RO          750    i.SysCtlClockGet    driverlib.lib(sysctl.o)
    0x0000144c   0x0000144c   0x00000120   Code   RO          752    i.SysCtlClockSet    driverlib.lib(sysctl.o)
    0x0000156c   0x0000156c   0x00000014   Code   RO          776    i.SysCtlPWMClockSet  driverlib.lib(sysctl.o)
    0x00001580   0x00001580   0x00000028   Code   RO          781    i.SysCtlPeripheralEnable  driverlib.lib(sysctl.o)
    0x000015a8   0x000015a8   0x00000060   Code   RO         1099    i.TimerConfigure    driverlib.lib(timer.o)
    0x00001608   0x00001608   0x00000012   Code   RO         1100    i.TimerControlEvent  driverlib.lib(timer.o)
    0x0000161a   0x0000161a   0x00000010   Code   RO         1107    i.TimerDisable      driverlib.lib(timer.o)
    0x0000162a   0x0000162a   0x0000000e   Code   RO         1108    i.TimerEnable       driverlib.lib(timer.o)
    0x00001638   0x00001638   0x00000004   Code   RO         1109    i.TimerIntClear     driverlib.lib(timer.o)
    0x0000163c   0x0000163c   0x00000008   Code   RO         1111    i.TimerIntEnable    driverlib.lib(timer.o)
    0x00001644   0x00001644   0x0000000a   Code   RO         1113    i.TimerIntStatus    driverlib.lib(timer.o)
    0x0000164e   0x0000164e   0x00000012   Code   RO         1117    i.TimerLoadSet      driverlib.lib(timer.o)
    0x00001660   0x00001660   0x0000000c   Code   RO         1343    i.UARTCharGet       driverlib.lib(uart.o)
    0x0000166c   0x0000166c   0x0000000c   Code   RO         1345    i.UARTCharPut       driverlib.lib(uart.o)
    0x00001678   0x00001678   0x0000000a   Code   RO         1347    i.UARTCharsAvail    driverlib.lib(uart.o)
    0x00001682   0x00001682   0x0000006e   Code   RO         1351    i.UARTConfigSetExpClk  driverlib.lib(uart.o)
    0x000016f0   0x000016f0   0x00000004   Code   RO         1364    i.UARTIntClear      driverlib.lib(uart.o)
    0x000016f4   0x000016f4   0x00000008   Code   RO         1366    i.UARTIntEnable     driverlib.lib(uart.o)
    0x000016fc   0x000016fc   0x0000000a   Code   RO         1368    i.UARTIntStatus     driverlib.lib(uart.o)
    0x00001706   0x00001706   0x0000000a   Code   RO         1772    x$fpl$fpinit        fz_wm.l(fpinit.o)
    0x00001710   0x00001710   0x00000228   Data   RO          116    .constdata          driverlib.lib(gpio.o)
    0x00001938   0x00001938   0x0000010c   Data   RO          415    .constdata          driverlib.lib(interrupt.o)
    0x00001a44   0x00001a44   0x00000254   Data   RO          803    .constdata          driverlib.lib(sysctl.o)
    0x00001c98   0x00001c98   0x00000010   Data   RO         1842    Region$$Table       anon$$obj.o


    Execution Region ER_RW (Exec base: 0x20000000, Load base: 0x00001ca8, Size: 0x00000000, Max: 0xffffffff, ABSOLUTE)

    **** No section assigned to this execution region ****


    Execution Region ER_ZI (Exec base: 0x20000000, Load base: 0x00001ca8, Size: 0x00000160, Max: 0xffffffff, ABSOLUTE)

    Exec Addr    Load Addr    Size         Type   Attr      Idx    E Section Name        Object

    0x20000000        -       0x00000060   Zero   RW         1714    .bss                c_w.l(libspace.o)
    0x20000060        -       0x00000000   Zero   RW            2    HEAP                startup_rvmdk.o
    0x20000060        -       0x00000100   Zero   RW            1    STACK               startup_rvmdk.o


==============================================================================

Image component sizes


      Code (inc. data)   RO Data    RW Data    ZI Data      Debug   Object Name

      2496        192          0          0          0       9190   main.o
       672        636          0          0        256        564   startup_rvmdk.o

    ----------------------------------------------------------------------
      3168        828         16          0        256       9754   Object Totals
         0          0         16          0          0          0   (incl. Generated)
         0          0          0          0          0          0   (incl. Padding)

    ----------------------------------------------------------------------

      Code (inc. data)   RO Data    RW Data    ZI Data      Debug   Library Member Name

         8          0          0          0          0         68   __main.o
       104          0          0          0          0         84   __printf.o
         0          0          0          0          0          0   __rtentry.o
        12          0          0          0          0          0   __rtentry2.o
         6          0          0          0          0          0   __rtentry4.o
        52          8          0          0          0          0   __scatter.o
        28          0          0          0          0          0   __scatter_zi.o
        48          6          0          0          0         96   _printf_char_common.o
         6          0          0          0          0          0   _printf_d.o
       120         16          0          0          0         92   _printf_dec.o
       178          0          0          0          0         88   _printf_intcommon.o
         0          0          0          0          0          0   _printf_percent.o
         4          0          0          0          0          0   _printf_percent_end.o
        10          0          0          0          0         68   _sputc.o
        18          0          0          0          0         80   exit.o
         6          0          0          0          0        152   heapauxi.o
         0          0          0          0          0          0   indicate_semi.o
         2          0          0          0          0          0   libinit.o
         6          0          0          0          0          0   libinit2.o
         2          0          0          0          0          0   libshutdown.o
         2          0          0          0          0          0   libshutdown2.o
         8          4          0          0         96         68   libspace.o
        40          6          0          0          0         84   noretval__2sprintf.o
         2          0          0          0          0          0   rtexit.o
        10          0          0          0          0          0   rtexit2.o
        12          4          0          0          0         68   sys_exit.o
        74          0          0          0          0         80   sys_stackheap_outer.o
         2          0          0          0          0         68   use_no_semi.o
        38          0          0          0          0        572   cpu.o
       504          8        552          0          0       7693   gpio.o
       254         20        268          0          0       3152   interrupt.o
       114          0          0          0          0       2639   pwm.o
       694         64        596          0          0       4879   sysctl.o
       184          8          0          0          0       4119   timer.o
       166          0          0          0          0       4559   uart.o
        10          0          0          0          0        116   fpinit.o

    ----------------------------------------------------------------------
      2736        144       1416          0         96      28825   Library Totals
        12          0          0          0          0          0   (incl. Padding)

    ----------------------------------------------------------------------

      Code (inc. data)   RO Data    RW Data    ZI Data      Debug   Library Name

       760         44          0          0         96       1096   c_w.l
      1954        100       1416          0          0      27613   driverlib.lib
        10          0          0          0          0        116   fz_wm.l

    ----------------------------------------------------------------------
      2736        144       1416          0         96      28825   Library Totals

    ----------------------------------------------------------------------

==============================================================================


      Code (inc. data)   RO Data    RW Data    ZI Data      Debug   

      5904        972       1432          0        352      34943   Grand Totals
      5904        972       1432          0        352      34943   ELF Image Totals
      5904        972       1432          0          0          0   ROM Totals

==============================================================================

    Total RO  Size (Code + RO Data)                 7336 (   7.16kB)
    Total RW  Size (RW Data + ZI Data)               352 (   0.34kB)
    Total ROM Size (Code + RO Data + RW Data)       7336 (   7.16kB)

==============================================================================

